Archive member included to satisfy reference by file (symbol)

/opt/st/stm32cubeide_1.15.1/plugins/com.st.stm32cube.ide.mcu.externaltools.gnu-tools-for-stm32.12.3.rel1.linux64_1.0.100.202403111256/tools/bin/../lib/gcc/arm-none-eabi/12.3.1/../../../../arm-none-eabi/lib/thumb/v7e-m+dp/hard/libc_nano.a(libc_a-exit.o)
                              /opt/st/stm32cubeide_1.15.1/plugins/com.st.stm32cube.ide.mcu.externaltools.gnu-tools-for-stm32.12.3.rel1.linux64_1.0.100.202403111256/tools/bin/../lib/gcc/arm-none-eabi/12.3.1/../../../../arm-none-eabi/lib/thumb/v7e-m+dp/hard/crt0.o (exit)
/opt/st/stm32cubeide_1.15.1/plugins/com.st.stm32cube.ide.mcu.externaltools.gnu-tools-for-stm32.12.3.rel1.linux64_1.0.100.202403111256/tools/bin/../lib/gcc/arm-none-eabi/12.3.1/../../../../arm-none-eabi/lib/thumb/v7e-m+dp/hard/libc_nano.a(libc_a-findfp.o)
                              /opt/st/stm32cubeide_1.15.1/plugins/com.st.stm32cube.ide.mcu.externaltools.gnu-tools-for-stm32.12.3.rel1.linux64_1.0.100.202403111256/tools/bin/../lib/gcc/arm-none-eabi/12.3.1/../../../../arm-none-eabi/lib/thumb/v7e-m+dp/hard/libc_nano.a(libc_a-exit.o) (__stdio_exit_handler)
/opt/st/stm32cubeide_1.15.1/plugins/com.st.stm32cube.ide.mcu.externaltools.gnu-tools-for-stm32.12.3.rel1.linux64_1.0.100.202403111256/tools/bin/../lib/gcc/arm-none-eabi/12.3.1/../../../../arm-none-eabi/lib/thumb/v7e-m+dp/hard/libc_nano.a(libc_a-fwalk.o)
                              /opt/st/stm32cubeide_1.15.1/plugins/com.st.stm32cube.ide.mcu.externaltools.gnu-tools-for-stm32.12.3.rel1.linux64_1.0.100.202403111256/tools/bin/../lib/gcc/arm-none-eabi/12.3.1/../../../../arm-none-eabi/lib/thumb/v7e-m+dp/hard/libc_nano.a(libc_a-findfp.o) (_fwalk_sglue)
/opt/st/stm32cubeide_1.15.1/plugins/com.st.stm32cube.ide.mcu.externaltools.gnu-tools-for-stm32.12.3.rel1.linux64_1.0.100.202403111256/tools/bin/../lib/gcc/arm-none-eabi/12.3.1/../../../../arm-none-eabi/lib/thumb/v7e-m+dp/hard/libc_nano.a(libc_a-stdio.o)
                              /opt/st/stm32cubeide_1.15.1/plugins/com.st.stm32cube.ide.mcu.externaltools.gnu-tools-for-stm32.12.3.rel1.linux64_1.0.100.202403111256/tools/bin/../lib/gcc/arm-none-eabi/12.3.1/../../../../arm-none-eabi/lib/thumb/v7e-m+dp/hard/libc_nano.a(libc_a-findfp.o) (__sread)
/opt/st/stm32cubeide_1.15.1/plugins/com.st.stm32cube.ide.mcu.externaltools.gnu-tools-for-stm32.12.3.rel1.linux64_1.0.100.202403111256/tools/bin/../lib/gcc/arm-none-eabi/12.3.1/../../../../arm-none-eabi/lib/thumb/v7e-m+dp/hard/libc_nano.a(libc_a-memset.o)
                              /opt/st/stm32cubeide_1.15.1/plugins/com.st.stm32cube.ide.mcu.externaltools.gnu-tools-for-stm32.12.3.rel1.linux64_1.0.100.202403111256/tools/bin/../lib/gcc/arm-none-eabi/12.3.1/../../../../arm-none-eabi/lib/thumb/v7e-m+dp/hard/crt0.o (memset)
/opt/st/stm32cubeide_1.15.1/plugins/com.st.stm32cube.ide.mcu.externaltools.gnu-tools-for-stm32.12.3.rel1.linux64_1.0.100.202403111256/tools/bin/../lib/gcc/arm-none-eabi/12.3.1/../../../../arm-none-eabi/lib/thumb/v7e-m+dp/hard/libc_nano.a(libc_a-closer.o)
                              /opt/st/stm32cubeide_1.15.1/plugins/com.st.stm32cube.ide.mcu.externaltools.gnu-tools-for-stm32.12.3.rel1.linux64_1.0.100.202403111256/tools/bin/../lib/gcc/arm-none-eabi/12.3.1/../../../../arm-none-eabi/lib/thumb/v7e-m+dp/hard/libc_nano.a(libc_a-stdio.o) (_close_r)
/opt/st/stm32cubeide_1.15.1/plugins/com.st.stm32cube.ide.mcu.externaltools.gnu-tools-for-stm32.12.3.rel1.linux64_1.0.100.202403111256/tools/bin/../lib/gcc/arm-none-eabi/12.3.1/../../../../arm-none-eabi/lib/thumb/v7e-m+dp/hard/libc_nano.a(libc_a-reent.o)
                              /opt/st/stm32cubeide_1.15.1/plugins/com.st.stm32cube.ide.mcu.externaltools.gnu-tools-for-stm32.12.3.rel1.linux64_1.0.100.202403111256/tools/bin/../lib/gcc/arm-none-eabi/12.3.1/../../../../arm-none-eabi/lib/thumb/v7e-m+dp/hard/libc_nano.a(libc_a-closer.o) (errno)
/opt/st/stm32cubeide_1.15.1/plugins/com.st.stm32cube.ide.mcu.externaltools.gnu-tools-for-stm32.12.3.rel1.linux64_1.0.100.202403111256/tools/bin/../lib/gcc/arm-none-eabi/12.3.1/../../../../arm-none-eabi/lib/thumb/v7e-m+dp/hard/libc_nano.a(libc_a-impure.o)
                              /opt/st/stm32cubeide_1.15.1/plugins/com.st.stm32cube.ide.mcu.externaltools.gnu-tools-for-stm32.12.3.rel1.linux64_1.0.100.202403111256/tools/bin/../lib/gcc/arm-none-eabi/12.3.1/../../../../arm-none-eabi/lib/thumb/v7e-m+dp/hard/libc_nano.a(libc_a-reent.o) (_impure_ptr)
/opt/st/stm32cubeide_1.15.1/plugins/com.st.stm32cube.ide.mcu.externaltools.gnu-tools-for-stm32.12.3.rel1.linux64_1.0.100.202403111256/tools/bin/../lib/gcc/arm-none-eabi/12.3.1/../../../../arm-none-eabi/lib/thumb/v7e-m+dp/hard/libc_nano.a(libc_a-lseekr.o)
                              /opt/st/stm32cubeide_1.15.1/plugins/com.st.stm32cube.ide.mcu.externaltools.gnu-tools-for-stm32.12.3.rel1.linux64_1.0.100.202403111256/tools/bin/../lib/gcc/arm-none-eabi/12.3.1/../../../../arm-none-eabi/lib/thumb/v7e-m+dp/hard/libc_nano.a(libc_a-stdio.o) (_lseek_r)
[...]
Memory Configuration

Name             Origin             Length             Attributes
ITCMRAM          0x00000000         0x00010000         xrw
FLASH            0x08000000         0x00200000         xr
DTCMRAM1         0x20000000         0x00010000         xrw
DTCMRAM2         0x20010000         0x00010000         xrw
RAM              0x24000000         0x00100000         xrw
RAM_CD           0x30000000         0x00020000         xrw
RAM_SRD          0x38000000         0x00008000         xrw
*default*        0x00000000         0xffffffff

Linker script and memory map

LOAD /opt/st/stm32cubeide_1.15.1/plugins/com.st.stm32cube.ide.mcu.externaltools.gnu-tools-for-stm32.12.3.rel1.linux64_1.0.100.202403111256/tools/bin/../lib/gcc/arm-none-eabi/12.3.1/thumb/v7e-m+dp/hard/crti.o
LOAD /opt/st/stm32cubeide_1.15.1/plugins/com.st.stm32cube.ide.mcu.externaltools.gnu-tools-for-stm32.12.3.rel1.linux64_1.0.100.202403111256/tools/bin/../lib/gcc/arm-none-eabi/12.3.1/thumb/v7e-m+dp/hard/crtbegin.o
LOAD /opt/st/stm32cubeide_1.15.1/plugins/com.st.stm32cube.ide.mcu.externaltools.gnu-tools-for-stm32.12.3.rel1.linux64_1.0.100.202403111256/tools/bin/../lib/gcc/arm-none-eabi/12.3.1/../../../../arm-none-eabi/lib/thumb/v7e-m+dp/hard/crt0.o
LOAD ./Core/Src/attitude.o
LOAD ./Core/Src/control.o
LOAD ./Core/Src/main.o
LOAD ./Core/Src/math_extension.o
LOAD ./Core/Src/motor.o
LOAD ./Core/Src/quaternion.o
LOAD ./Core/Src/radio.o
LOAD ./Core/Src/stm32h7xx_hal_msp.o
LOAD ./Core/Src/stm32h7xx_it.o
LOAD ./Core/Src/syscalls.o
LOAD ./Core/Src/sysmem.o
LOAD ./Core/Src/system_stm32h7xx.o
LOAD ./Core/Startup/startup_stm32h7a3zitxq.o
LOAD ./Drivers/STM32H7xx_HAL_Driver/Src/stm32h7xx_hal.o
LOAD ./Drivers/STM32H7xx_HAL_Driver/Src/stm32h7xx_hal_cortex.o
LOAD ./Drivers/STM32H7xx_HAL_Driver/Src/stm32h7xx_hal_dma.o
LOAD ./Drivers/STM32H7xx_HAL_Driver/Src/stm32h7xx_hal_dma_ex.o
LOAD ./Drivers/STM32H7xx_HAL_Driver/Src/stm32h7xx_hal_exti.o
LOAD ./Drivers/STM32H7xx_HAL_Driver/Src/stm32h7xx_hal_flash.o
LOAD ./Drivers/STM32H7xx_HAL_Driver/Src/stm32h7xx_hal_flash_ex.o
LOAD ./Drivers/STM32H7xx_HAL_Driver/Src/stm32h7xx_hal_gpio.o
LOAD ./Drivers/STM32H7xx_HAL_Driver/Src/stm32h7xx_hal_hsem.o
LOAD ./Drivers/STM32H7xx_HAL_Driver/Src/stm32h7xx_hal_i2c.o
LOAD ./Drivers/STM32H7xx_HAL_Driver/Src/stm32h7xx_hal_i2c_ex.o
LOAD ./Drivers/STM32H7xx_HAL_Driver/Src/stm32h7xx_hal_mdma.o
LOAD ./Drivers/STM32H7xx_HAL_Driver/Src/stm32h7xx_hal_pwr.o
LOAD ./Drivers/STM32H7xx_HAL_Driver/Src/stm32h7xx_hal_pwr_ex.o
LOAD ./Drivers/STM32H7xx_HAL_Driver/Src/stm32h7xx_hal_rcc.o
LOAD ./Drivers/STM32H7xx_HAL_Driver/Src/stm32h7xx_hal_rcc_ex.o
LOAD ./Drivers/STM32H7xx_HAL_Driver/Src/stm32h7xx_hal_tim.o
LOAD ./Drivers/STM32H7xx_HAL_Driver/Src/stm32h7xx_hal_tim_ex.o
LOAD ./Drivers/STM32H7xx_HAL_Driver/Src/stm32h7xx_hal_uart.o
LOAD ./Drivers/STM32H7xx_HAL_Driver/Src/stm32h7xx_hal_uart_ex.o
START GROUP
LOAD /opt/st/stm32cubeide_1.15.1/plugins/com.st.stm32cube.ide.mcu.externaltools.gnu-tools-for-stm32.12.3.rel1.linux64_1.0.100.202403111256/tools/bin/../lib/gcc/arm-none-eabi/12.3.1/../../../../arm-none-eabi/lib/thumb/v7e-m+dp/hard/libc_nano.a
LOAD /opt/st/stm32cubeide_1.15.1/plugins/com.st.stm32cube.ide.mcu.externaltools.gnu-tools-for-stm32.12.3.rel1.linux64_1.0.100.202403111256/tools/bin/../lib/gcc/arm-none-eabi/12.3.1/../../../../arm-none-eabi/lib/thumb/v7e-m+dp/hard/libm.a
END GROUP
START GROUP
LOAD /opt/st/stm32cubeide_1.15.1/plugins/com.st.stm32cube.ide.mcu.externaltools.gnu-tools-for-stm32.12.3.rel1.linux64_1.0.100.202403111256/tools/bin/../lib/gcc/arm-none-eabi/12.3.1/thumb/v7e-m+dp/hard/libgcc.a
LOAD /opt/st/stm32cubeide_1.15.1/plugins/com.st.stm32cube.ide.mcu.externaltools.gnu-tools-for-stm32.12.3.rel1.linux64_1.0.100.202403111256/tools/bin/../lib/gcc/arm-none-eabi/12.3.1/../../../../arm-none-eabi/lib/thumb/v7e-m+dp/hard/libc_nano.a
END GROUP
START GROUP
LOAD /opt/st/stm32cubeide_1.15.1/plugins/com.st.stm32cube.ide.mcu.externaltools.gnu-tools-for-stm32.12.3.rel1.linux64_1.0.100.202403111256/tools/bin/../lib/gcc/arm-none-eabi/12.3.1/thumb/v7e-m+dp/hard/libgcc.a
LOAD /opt/st/stm32cubeide_1.15.1/plugins/com.st.stm32cube.ide.mcu.externaltools.gnu-tools-for-stm32.12.3.rel1.linux64_1.0.100.202403111256/tools/bin/../lib/gcc/arm-none-eabi/12.3.1/../../../../arm-none-eabi/lib/thumb/v7e-m+dp/hard/libc_nano.a
LOAD /opt/st/stm32cubeide_1.15.1/plugins/com.st.stm32cube.ide.mcu.externaltools.gnu-tools-for-stm32.12.3.rel1.linux64_1.0.100.202403111256/tools/bin/../lib/gcc/arm-none-eabi/12.3.1/../../../../arm-none-eabi/lib/thumb/v7e-m+dp/hard/libnosys.a
END GROUP
START GROUP
LOAD /opt/st/stm32cubeide_1.15.1/plugins/com.st.stm32cube.ide.mcu.externaltools.gnu-tools-for-stm32.12.3.rel1.linux64_1.0.100.202403111256/tools/bin/../lib/gcc/arm-none-eabi/12.3.1/thumb/v7e-m+dp/hard/libgcc.a
LOAD /opt/st/stm32cubeide_1.15.1/plugins/com.st.stm32cube.ide.mcu.externaltools.gnu-tools-for-stm32.12.3.rel1.linux64_1.0.100.202403111256/tools/bin/../lib/gcc/arm-none-eabi/12.3.1/../../../../arm-none-eabi/lib/thumb/v7e-m+dp/hard/libc_nano.a
LOAD /opt/st/stm32cubeide_1.15.1/plugins/com.st.stm32cube.ide.mcu.externaltools.gnu-tools-for-stm32.12.3.rel1.linux64_1.0.100.202403111256/tools/bin/../lib/gcc/arm-none-eabi/12.3.1/../../../../arm-none-eabi/lib/thumb/v7e-m+dp/hard/libnosys.a
END GROUP
LOAD /opt/st/stm32cubeide_1.15.1/plugins/com.st.stm32cube.ide.mcu.externaltools.gnu-tools-for-stm32.12.3.rel1.linux64_1.0.100.202403111256/tools/bin/../lib/gcc/arm-none-eabi/12.3.1/thumb/v7e-m+dp/hard/crtend.o
LOAD /opt/st/stm32cubeide_1.15.1/plugins/com.st.stm32cube.ide.mcu.externaltools.gnu-tools-for-stm32.12.3.rel1.linux64_1.0.100.202403111256/tools/bin/../lib/gcc/arm-none-eabi/12.3.1/thumb/v7e-m+dp/hard/crtn.o
                0x24100000                        _estack = (ORIGIN (RAM) + LENGTH (RAM))
                0x00000200                        _Min_Heap_Size = 0x200
                0x00000400                        _Min_Stack_Size = 0x400

.isr_vector     0x08000000      0x2ac
                0x08000000                        . = ALIGN (0x4)
 *(.isr_vector)
 .isr_vector    0x08000000      0x2ac ./Core/Startup/startup_stm32h7a3zitxq.o
                0x08000000                g_pfnVectors
                0x080002ac                        . = ALIGN (0x4)

.text           0x080002b0     0x9f04
                0x080002b0                        . = ALIGN (0x4)
 *(.text)
 .text          0x080002b0       0x40 /opt/st/stm32cubeide_1.15.1/plugins/com.st.stm32cube.ide.mcu.externaltools.gnu-tools-for-stm32.12.3.rel1.linux64_1.0.100.202403111256/tools/bin/../lib/gcc/arm-none-eabi/12.3.1/thumb/v7e-m+dp/hard/crtbegin.o
 .text          0x080002f0       0x30 /opt/st/stm32cubeide_1.15.1/plugins/com.st.stm32cube.ide.mcu.externaltools.gnu-tools-for-stm32.12.3.rel1.linux64_1.0.100.202403111256/tools/bin/../lib/gcc/arm-none-eabi/12.3.1/thumb/v7e-m+dp/hard/libgcc.a(_aeabi_uldivmod.o)
                0x080002f0                __aeabi_uldivmod
 .text          0x08000320      0x2bc /opt/st/stm32cubeide_1.15.1/plugins/com.st.stm32cube.ide.mcu.externaltools.gnu-tools-for-stm32.12.3.rel1.linux64_1.0.100.202403111256/tools/bin/../lib/gcc/arm-none-eabi/12.3.1/thumb/v7e-m+dp/hard/libgcc.a(_udivmoddi4.o)
                0x08000320                __udivmoddi4
 .text          0x080005dc        0x4 /opt/st/stm32cubeide_1.15.1/plugins/com.st.stm32cube.ide.mcu.externaltools.gnu-tools-for-stm32.12.3.rel1.linux64_1.0.100.202403111256/tools/bin/../lib/gcc/arm-none-eabi/12.3.1/thumb/v7e-m+dp/hard/libgcc.a(_dvmd_tls.o)
                0x080005dc                __aeabi_ldiv0
                0x080005dc                __aeabi_idiv0
 *(.text*)
 .text.attitude_fusion
                0x080005e0      0x514 ./Core/Src/attitude.o
                0x080005e0                attitude_fusion
 .text.PID_init
                0x08000af4       0xf0 ./Core/Src/control.o
                0x08000af4                PID_init
 .text.PID_outer
                0x08000be4      0x240 ./Core/Src/control.o
                0x08000be4                PID_outer
 .text.PID_inner
                0x08000e24      0x564 ./Core/Src/control.o
                0x08000e24                PID_inner
 .text.main     0x08001388      0x27c ./Core/Src/main.o
                0x08001388                main
 .text.SystemClock_Config
                0x08001604       0xf0 ./Core/Src/main.o
                0x08001604                SystemClock_Config
 .text.MX_I2C4_Init
                0x080016f4       0x80 ./Core/Src/main.o
 .text.MX_TIM1_Init
                0x08001774      0x1a4 ./Core/Src/main.o
 .text.MX_TIM3_Init
                0x08001918      0x140 ./Core/Src/main.o
 .text.MX_TIM4_Init
                0x08001a58      0x140 ./Core/Src/main.o
 .text.MX_TIM5_Init
                0x08001b98      0x140 ./Core/Src/main.o
 .text.MX_TIM15_Init
                0x08001cd8      0x144 ./Core/Src/main.o
 .text.MX_USART3_UART_Init
                0x08001e1c       0x98 ./Core/Src/main.o
 .text.MX_USB_OTG_HS_USB_Init
                0x08001eb4        0xe ./Core/Src/main.o
 *fill*         0x08001ec2        0x2 
 .text.MX_GPIO_Init
                0x08001ec4      0x234 ./Core/Src/main.o
 .text.HAL_TIM_IC_CaptureCallback
                0x080020f8      0x328 ./Core/Src/main.o
                0x080020f8                HAL_TIM_IC_CaptureCallback
 .text.Error_Handler
                0x08002420        0xc ./Core/Src/main.o
                0x08002420                Error_Handler
 .text.fast_inv_sqrt
                0x0800242c       0x78 ./Core/Src/math_extension.o
                0x0800242c                fast_inv_sqrt
 .text.set_motor_pwm
                0x080024a4       0xf4 ./Core/Src/motor.o
                0x080024a4                set_motor_pwm
 .text.set_motor_pwm_zero
                0x08002598       0x32 ./Core/Src/motor.o
                0x08002598                set_motor_pwm_zero
 .text.quat_to_euler
                0x080025ca      0x144 ./Core/Src/quaternion.o
                0x080025ca                quat_to_euler
 *fill*         0x0800270e        0x2 
 .text.get_target_euler
                0x08002710      0x154 ./Core/Src/radio.o
                0x08002710                get_target_euler
 .text.HAL_MspInit
                0x08002864       0x34 ./Core/Src/stm32h7xx_hal_msp.o
                0x08002864                HAL_MspInit
 .text.HAL_I2C_MspInit
                0x08002898       0xd4 ./Core/Src/stm32h7xx_hal_msp.o
                0x08002898                HAL_I2C_MspInit
 .text.HAL_TIM_Base_MspInit
                0x0800296c      0x24c ./Core/Src/stm32h7xx_hal_msp.o
                0x0800296c                HAL_TIM_Base_MspInit
 .text.HAL_TIM_MspPostInit
                0x08002bb8       0x78 ./Core/Src/stm32h7xx_hal_msp.o
                0x08002bb8                HAL_TIM_MspPostInit
 .text.HAL_UART_MspInit
                0x08002c30       0xd4 ./Core/Src/stm32h7xx_hal_msp.o
                0x08002c30                HAL_UART_MspInit
 .text.NMI_Handler
                0x08002d04        0x8 ./Core/Src/stm32h7xx_it.o
                0x08002d04                NMI_Handler
 .text.HardFault_Handler
                0x08002d0c        0x8 ./Core/Src/stm32h7xx_it.o
                0x08002d0c                HardFault_Handler
 .text.MemManage_Handler
                0x08002d14        0x8 ./Core/Src/stm32h7xx_it.o
                0x08002d14                MemManage_Handler
 .text.BusFault_Handler
                0x08002d1c        0x8 ./Core/Src/stm32h7xx_it.o
                0x08002d1c                BusFault_Handler
 .text.UsageFault_Handler
                0x08002d24        0x8 ./Core/Src/stm32h7xx_it.o
                0x08002d24                UsageFault_Handler
 .text.SVC_Handler
                0x08002d2c        0xe ./Core/Src/stm32h7xx_it.o
                0x08002d2c                SVC_Handler
 .text.DebugMon_Handler
                0x08002d3a        0xe ./Core/Src/stm32h7xx_it.o
                0x08002d3a                DebugMon_Handler
 .text.PendSV_Handler
                0x08002d48        0xe ./Core/Src/stm32h7xx_it.o
                0x08002d48                PendSV_Handler
 .text.SysTick_Handler
                0x08002d56        0xc ./Core/Src/stm32h7xx_it.o
                0x08002d56                SysTick_Handler
 *fill*         0x08002d62        0x2 
 .text.TIM3_IRQHandler
                0x08002d64       0x14 ./Core/Src/stm32h7xx_it.o
                0x08002d64                TIM3_IRQHandler
 .text.TIM4_IRQHandler
                0x08002d78       0x14 ./Core/Src/stm32h7xx_it.o
                0x08002d78                TIM4_IRQHandler
 .text.TIM5_IRQHandler
                0x08002d8c       0x14 ./Core/Src/stm32h7xx_it.o
                0x08002d8c                TIM5_IRQHandler
 .text.TIM15_IRQHandler
                0x08002da0       0x14 ./Core/Src/stm32h7xx_it.o
                0x08002da0                TIM15_IRQHandler
 .text.SystemInit
                0x08002db4       0xf0 ./Core/Src/system_stm32h7xx.o
                0x08002db4                SystemInit
 .text.Reset_Handler
                0x08002ea4       0x50 ./Core/Startup/startup_stm32h7a3zitxq.o
                0x08002ea4                Reset_Handler
 .text.Default_Handler
                0x08002ef4        0x2 ./Core/Startup/startup_stm32h7a3zitxq.o
                0x08002ef4                RTC_Alarm_IRQHandler
                0x08002ef4                EXTI2_IRQHandler
                0x08002ef4                TIM8_CC_IRQHandler
                0x08002ef4                UART8_IRQHandler
                0x08002ef4                BDMA2_Channel1_IRQHandler
                0x08002ef4                SPI4_IRQHandler
                0x08002ef4                BDMA2_Channel0_IRQHandler
                0x08002ef4                TIM1_CC_IRQHandler
                0x08002ef4                DMA2_Stream5_IRQHandler
                0x08002ef4                JPEG_IRQHandler
                0x08002ef4                DMA1_Stream5_IRQHandler
                0x08002ef4                EXTI3_IRQHandler
                0x08002ef4                LPTIM4_IRQHandler
                0x08002ef4                TIM8_TRG_COM_TIM14_IRQHandler
                0x08002ef4                LPTIM2_IRQHandler
                0x08002ef4                DFSDM1_FLT1_IRQHandler
                0x08002ef4                DMAMUX2_OVR_IRQHandler
                0x08002ef4                GFXMMU_IRQHandler
                0x08002ef4                TIM8_UP_TIM13_IRQHandler
                0x08002ef4                I2C3_ER_IRQHandler
                0x08002ef4                DFSDM1_FLT2_IRQHandler
                0x08002ef4                USART10_IRQHandler
                0x08002ef4                MDMA_IRQHandler
                0x08002ef4                LPTIM3_IRQHandler
                0x08002ef4                BDMA2_Channel3_IRQHandler
                0x08002ef4                HSEM1_IRQHandler
                0x08002ef4                EXTI0_IRQHandler
                0x08002ef4                I2C2_EV_IRQHandler
                0x08002ef4                DAC2_IRQHandler
                0x08002ef4                DMA1_Stream2_IRQHandler
                0x08002ef4                FPU_IRQHandler
                0x08002ef4                OTG_HS_WKUP_IRQHandler
                0x08002ef4                FDCAN1_IT1_IRQHandler
                0x08002ef4                LTDC_ER_IRQHandler
                0x08002ef4                DMA2_Stream2_IRQHandler
                0x08002ef4                SPI1_IRQHandler
                0x08002ef4                OCTOSPI1_IRQHandler
                0x08002ef4                TIM6_DAC_IRQHandler
                0x08002ef4                BDMA2_Channel6_IRQHandler
                0x08002ef4                DMA2_Stream3_IRQHandler
                0x08002ef4                OCTOSPI2_IRQHandler
                0x08002ef4                SAI2_IRQHandler
                0x08002ef4                BDMA1_IRQHandler
                0x08002ef4                DFSDM1_FLT3_IRQHandler
                0x08002ef4                USART6_IRQHandler
                0x08002ef4                TIM17_IRQHandler
                0x08002ef4                USART3_IRQHandler
                0x08002ef4                LPTIM5_IRQHandler
                0x08002ef4                UART5_IRQHandler
                0x08002ef4                DMA2_Stream0_IRQHandler
                0x08002ef4                I2C1_EV_IRQHandler
                0x08002ef4                DMA1_Stream6_IRQHandler
                0x08002ef4                DMAMUX1_OVR_IRQHandler
                0x08002ef4                DMA1_Stream1_IRQHandler
                0x08002ef4                TIM16_IRQHandler
                0x08002ef4                UART4_IRQHandler
                0x08002ef4                RCC_IRQHandler
                0x08002ef4                UART9_IRQHandler
                0x08002ef4                TIM8_BRK_TIM12_IRQHandler
                0x08002ef4                TIM1_TRG_COM_IRQHandler
                0x08002ef4                Default_Handler
                0x08002ef4                ECC_IRQHandler
                0x08002ef4                BDMA2_Channel2_IRQHandler
                0x08002ef4                CEC_IRQHandler
                0x08002ef4                EXTI15_10_IRQHandler
                0x08002ef4                DFSDM1_FLT4_IRQHandler
                0x08002ef4                ADC_IRQHandler
                0x08002ef4                DMA1_Stream7_IRQHandler
                0x08002ef4                SPI5_IRQHandler
                0x08002ef4                TIM7_IRQHandler
                0x08002ef4                SDMMC1_IRQHandler
                0x08002ef4                DMA2_Stream7_IRQHandler
                0x08002ef4                I2C3_EV_IRQHandler
                0x08002ef4                DFSDM2_IRQHandler
                0x08002ef4                EXTI9_5_IRQHandler
                0x08002ef4                RTC_WKUP_IRQHandler
                0x08002ef4                LTDC_IRQHandler
                0x08002ef4                SPDIF_RX_IRQHandler
                0x08002ef4                PVD_PVM_IRQHandler
                0x08002ef4                SPI2_IRQHandler
                0x08002ef4                OTG_HS_EP1_IN_IRQHandler
                0x08002ef4                DFSDM1_FLT5_IRQHandler
                0x08002ef4                DMA1_Stream0_IRQHandler
                0x08002ef4                CRS_IRQHandler
                0x08002ef4                EXTI4_IRQHandler
                0x08002ef4                DFSDM1_FLT6_IRQHandler
                0x08002ef4                RNG_IRQHandler
                0x08002ef4                FDCAN2_IT1_IRQHandler
                0x08002ef4                COMP_IRQHandler
                0x08002ef4                TIM1_UP_IRQHandler
                0x08002ef4                OTG_HS_EP1_OUT_IRQHandler
                0x08002ef4                WWDG_IRQHandler
                0x08002ef4                SPI6_IRQHandler
                0x08002ef4                MDIOS_IRQHandler
                0x08002ef4                I2C4_EV_IRQHandler
                0x08002ef4                FDCAN2_IT0_IRQHandler
                0x08002ef4                LPUART1_IRQHandler
                0x08002ef4                FDCAN1_IT0_IRQHandler
                0x08002ef4                TIM2_IRQHandler
                0x08002ef4                BDMA2_Channel5_IRQHandler
                0x08002ef4                OTG_HS_IRQHandler
                0x08002ef4                DMA2D_IRQHandler
                0x08002ef4                TIM1_BRK_IRQHandler
                0x08002ef4                EXTI1_IRQHandler
                0x08002ef4                SDMMC2_IRQHandler
                0x08002ef4                DTS_IRQHandler
                0x08002ef4                UART7_IRQHandler
                0x08002ef4                MDIOS_WKUP_IRQHandler
                0x08002ef4                USART2_IRQHandler
                0x08002ef4                DFSDM1_FLT0_IRQHandler
                0x08002ef4                I2C2_ER_IRQHandler
                0x08002ef4                DMA2_Stream1_IRQHandler
                0x08002ef4                DFSDM1_FLT7_IRQHandler
                0x08002ef4                FLASH_IRQHandler
                0x08002ef4                DMA2_Stream4_IRQHandler
                0x08002ef4                USART1_IRQHandler
                0x08002ef4                SPI3_IRQHandler
                0x08002ef4                WAKEUP_PIN_IRQHandler
                0x08002ef4                DMA1_Stream4_IRQHandler
                0x08002ef4                I2C1_ER_IRQHandler
                0x08002ef4                FMC_IRQHandler
                0x08002ef4                BDMA2_Channel7_IRQHandler
                0x08002ef4                FDCAN_CAL_IRQHandler
                0x08002ef4                SWPMI1_IRQHandler
                0x08002ef4                LPTIM1_IRQHandler
                0x08002ef4                DCMI_PSSI_IRQHandler
                0x08002ef4                I2C4_ER_IRQHandler
                0x08002ef4                DMA2_Stream6_IRQHandler
                0x08002ef4                SAI1_IRQHandler
                0x08002ef4                DMA1_Stream3_IRQHandler
                0x08002ef4                RTC_TAMP_STAMP_CSS_LSE_IRQHandler
                0x08002ef4                BDMA2_Channel4_IRQHandler
 *fill*         0x08002ef6        0x2 
 .text.HAL_Init
                0x08002ef8       0x78 ./Drivers/STM32H7xx_HAL_Driver/Src/stm32h7xx_hal.o
                0x08002ef8                HAL_Init
 .text.HAL_InitTick
                0x08002f70       0x6c ./Drivers/STM32H7xx_HAL_Driver/Src/stm32h7xx_hal.o
                0x08002f70                HAL_InitTick
 .text.HAL_IncTick
                0x08002fdc       0x28 ./Drivers/STM32H7xx_HAL_Driver/Src/stm32h7xx_hal.o
                0x08002fdc                HAL_IncTick
 .text.HAL_GetTick
                0x08003004       0x18 ./Drivers/STM32H7xx_HAL_Driver/Src/stm32h7xx_hal.o
                0x08003004                HAL_GetTick
 .text.__NVIC_SetPriorityGrouping
                0x0800301c       0x48 ./Drivers/STM32H7xx_HAL_Driver/Src/stm32h7xx_hal_cortex.o
 .text.__NVIC_GetPriorityGrouping
                0x08003064       0x1c ./Drivers/STM32H7xx_HAL_Driver/Src/stm32h7xx_hal_cortex.o
 .text.__NVIC_EnableIRQ
                0x08003080       0x3c ./Drivers/STM32H7xx_HAL_Driver/Src/stm32h7xx_hal_cortex.o
 .text.__NVIC_SetPriority
                0x080030bc       0x54 ./Drivers/STM32H7xx_HAL_Driver/Src/stm32h7xx_hal_cortex.o
 .text.NVIC_EncodePriority
                0x08003110       0x66 ./Drivers/STM32H7xx_HAL_Driver/Src/stm32h7xx_hal_cortex.o
 *fill*         0x08003176        0x2 
 .text.SysTick_Config
                0x08003178       0x44 ./Drivers/STM32H7xx_HAL_Driver/Src/stm32h7xx_hal_cortex.o
 .text.HAL_NVIC_SetPriorityGrouping
                0x080031bc       0x16 ./Drivers/STM32H7xx_HAL_Driver/Src/stm32h7xx_hal_cortex.o
                0x080031bc                HAL_NVIC_SetPriorityGrouping
 .text.HAL_NVIC_SetPriority
                0x080031d2       0x34 ./Drivers/STM32H7xx_HAL_Driver/Src/stm32h7xx_hal_cortex.o
                0x080031d2                HAL_NVIC_SetPriority
 .text.HAL_NVIC_EnableIRQ
                0x08003206       0x1c ./Drivers/STM32H7xx_HAL_Driver/Src/stm32h7xx_hal_cortex.o
                0x08003206                HAL_NVIC_EnableIRQ
 .text.HAL_SYSTICK_Config
                0x08003222       0x18 ./Drivers/STM32H7xx_HAL_Driver/Src/stm32h7xx_hal_cortex.o
                0x08003222                HAL_SYSTICK_Config
 *fill*         0x0800323a        0x2 
 .text.HAL_GPIO_Init
                0x0800323c      0x360 ./Drivers/STM32H7xx_HAL_Driver/Src/stm32h7xx_hal_gpio.o
                0x0800323c                HAL_GPIO_Init
 .text.HAL_GPIO_WritePin
                0x0800359c       0x32 ./Drivers/STM32H7xx_HAL_Driver/Src/stm32h7xx_hal_gpio.o
                0x0800359c                HAL_GPIO_WritePin
 *fill*         0x080035ce        0x2 
 .text.HAL_I2C_Init
                0x080035d0      0x138 ./Drivers/STM32H7xx_HAL_Driver/Src/stm32h7xx_hal_i2c.o
                0x080035d0                HAL_I2C_Init
 .text.HAL_I2CEx_ConfigAnalogFilter
                0x08003708       0x96 ./Drivers/STM32H7xx_HAL_Driver/Src/stm32h7xx_hal_i2c_ex.o
                0x08003708                HAL_I2CEx_ConfigAnalogFilter
 .text.HAL_I2CEx_ConfigDigitalFilter
                0x0800379e       0x98 ./Drivers/STM32H7xx_HAL_Driver/Src/stm32h7xx_hal_i2c_ex.o
                0x0800379e                HAL_I2CEx_ConfigDigitalFilter
 *fill*         0x08003836        0x2 
 .text.HAL_PWREx_ConfigSupply
                0x08003838       0xb4 ./Drivers/STM32H7xx_HAL_Driver/Src/stm32h7xx_hal_pwr_ex.o
                0x08003838                HAL_PWREx_ConfigSupply
 .text.HAL_RCC_OscConfig
                0x080038ec      0x864 ./Drivers/STM32H7xx_HAL_Driver/Src/stm32h7xx_hal_rcc.o
                0x080038ec                HAL_RCC_OscConfig
 .text.HAL_RCC_ClockConfig
                0x08004150      0x36c ./Drivers/STM32H7xx_HAL_Driver/Src/stm32h7xx_hal_rcc.o
                0x08004150                HAL_RCC_ClockConfig
 .text.HAL_RCC_GetSysClockFreq
                0x080044bc      0x2f4 ./Drivers/STM32H7xx_HAL_Driver/Src/stm32h7xx_hal_rcc.o
                0x080044bc                HAL_RCC_GetSysClockFreq
 .text.HAL_RCC_GetHCLKFreq
                0x080047b0       0x60 ./Drivers/STM32H7xx_HAL_Driver/Src/stm32h7xx_hal_rcc.o
                0x080047b0                HAL_RCC_GetHCLKFreq
 .text.HAL_RCC_GetPCLK1Freq
                0x08004810       0x2c ./Drivers/STM32H7xx_HAL_Driver/Src/stm32h7xx_hal_rcc.o
                0x08004810                HAL_RCC_GetPCLK1Freq
 .text.HAL_RCC_GetPCLK2Freq
                0x0800483c       0x2c ./Drivers/STM32H7xx_HAL_Driver/Src/stm32h7xx_hal_rcc.o
                0x0800483c                HAL_RCC_GetPCLK2Freq
 .text.HAL_RCCEx_PeriphCLKConfig
                0x08004868     0x137c ./Drivers/STM32H7xx_HAL_Driver/Src/stm32h7xx_hal_rcc_ex.o
                0x08004868                HAL_RCCEx_PeriphCLKConfig
 .text.HAL_RCCEx_GetD3PCLK1Freq
                0x08005be4       0x2c ./Drivers/STM32H7xx_HAL_Driver/Src/stm32h7xx_hal_rcc_ex.o
                0x08005be4                HAL_RCCEx_GetD3PCLK1Freq
 .text.HAL_RCCEx_GetPLL2ClockFreq
                0x08005c10      0x2a8 ./Drivers/STM32H7xx_HAL_Driver/Src/stm32h7xx_hal_rcc_ex.o
                0x08005c10                HAL_RCCEx_GetPLL2ClockFreq
 .text.HAL_RCCEx_GetPLL3ClockFreq
                0x08005eb8      0x2a8 ./Drivers/STM32H7xx_HAL_Driver/Src/stm32h7xx_hal_rcc_ex.o
                0x08005eb8                HAL_RCCEx_GetPLL3ClockFreq
 .text.RCCEx_PLL2_Config
                0x08006160      0x164 ./Drivers/STM32H7xx_HAL_Driver/Src/stm32h7xx_hal_rcc_ex.o
 .text.RCCEx_PLL3_Config
                0x080062c4      0x164 ./Drivers/STM32H7xx_HAL_Driver/Src/stm32h7xx_hal_rcc_ex.o
 .text.HAL_TIM_Base_Init
                0x08006428       0xae ./Drivers/STM32H7xx_HAL_Driver/Src/stm32h7xx_hal_tim.o
                0x08006428                HAL_TIM_Base_Init
 .text.HAL_TIM_PWM_Init
                0x080064d6       0xae ./Drivers/STM32H7xx_HAL_Driver/Src/stm32h7xx_hal_tim.o
                0x080064d6                HAL_TIM_PWM_Init
 .text.HAL_TIM_PWM_MspInit
                0x08006584       0x14 ./Drivers/STM32H7xx_HAL_Driver/Src/stm32h7xx_hal_tim.o
                0x08006584                HAL_TIM_PWM_MspInit
 .text.HAL_TIM_PWM_Start
                0x08006598      0x21c ./Drivers/STM32H7xx_HAL_Driver/Src/stm32h7xx_hal_tim.o
                0x08006598                HAL_TIM_PWM_Start
 .text.HAL_TIM_IC_Init
                0x080067b4       0xae ./Drivers/STM32H7xx_HAL_Driver/Src/stm32h7xx_hal_tim.o
                0x080067b4                HAL_TIM_IC_Init
 .text.HAL_TIM_IC_MspInit
                0x08006862       0x14 ./Drivers/STM32H7xx_HAL_Driver/Src/stm32h7xx_hal_tim.o
                0x08006862                HAL_TIM_IC_MspInit
 *fill*         0x08006876        0x2 
 .text.HAL_TIM_IC_Start
                0x08006878      0x208 ./Drivers/STM32H7xx_HAL_Driver/Src/stm32h7xx_hal_tim.o
                0x08006878                HAL_TIM_IC_Start
 .text.HAL_TIM_IC_Stop
                0x08006a80       0xe2 ./Drivers/STM32H7xx_HAL_Driver/Src/stm32h7xx_hal_tim.o
                0x08006a80                HAL_TIM_IC_Stop
 *fill*         0x08006b62        0x2 
 .text.HAL_TIM_IC_Start_IT
                0x08006b64      0x2a0 ./Drivers/STM32H7xx_HAL_Driver/Src/stm32h7xx_hal_tim.o
                0x08006b64                HAL_TIM_IC_Start_IT
 .text.HAL_TIM_IC_Stop_IT
                0x08006e04      0x17c ./Drivers/STM32H7xx_HAL_Driver/Src/stm32h7xx_hal_tim.o
                0x08006e04                HAL_TIM_IC_Stop_IT
 .text.HAL_TIM_IRQHandler
                0x08006f80      0x20e ./Drivers/STM32H7xx_HAL_Driver/Src/stm32h7xx_hal_tim.o
                0x08006f80                HAL_TIM_IRQHandler
 .text.HAL_TIM_IC_ConfigChannel
                0x0800718e      0x138 ./Drivers/STM32H7xx_HAL_Driver/Src/stm32h7xx_hal_tim.o
                0x0800718e                HAL_TIM_IC_ConfigChannel
 *fill*         0x080072c6        0x2 
 .text.HAL_TIM_PWM_ConfigChannel
                0x080072c8      0x228 ./Drivers/STM32H7xx_HAL_Driver/Src/stm32h7xx_hal_tim.o
                0x080072c8                HAL_TIM_PWM_ConfigChannel
 .text.HAL_TIM_ConfigClockSource
                0x080074f0      0x1f0 ./Drivers/STM32H7xx_HAL_Driver/Src/stm32h7xx_hal_tim.o
                0x080074f0                HAL_TIM_ConfigClockSource
 .text.HAL_TIM_SlaveConfigSynchro
                0x080076e0       0x84 ./Drivers/STM32H7xx_HAL_Driver/Src/stm32h7xx_hal_tim.o
                0x080076e0                HAL_TIM_SlaveConfigSynchro
 .text.HAL_TIM_ReadCapturedValue
                0x08007764       0x88 ./Drivers/STM32H7xx_HAL_Driver/Src/stm32h7xx_hal_tim.o
                0x08007764                HAL_TIM_ReadCapturedValue
 .text.HAL_TIM_PeriodElapsedCallback
                0x080077ec       0x14 ./Drivers/STM32H7xx_HAL_Driver/Src/stm32h7xx_hal_tim.o
                0x080077ec                HAL_TIM_PeriodElapsedCallback
 .text.HAL_TIM_OC_DelayElapsedCallback
                0x08007800       0x14 ./Drivers/STM32H7xx_HAL_Driver/Src/stm32h7xx_hal_tim.o
                0x08007800                HAL_TIM_OC_DelayElapsedCallback
 .text.HAL_TIM_PWM_PulseFinishedCallback
                0x08007814       0x14 ./Drivers/STM32H7xx_HAL_Driver/Src/stm32h7xx_hal_tim.o
                0x08007814                HAL_TIM_PWM_PulseFinishedCallback
 .text.HAL_TIM_TriggerCallback
                0x08007828       0x14 ./Drivers/STM32H7xx_HAL_Driver/Src/stm32h7xx_hal_tim.o
                0x08007828                HAL_TIM_TriggerCallback
 .text.TIM_Base_SetConfig
                0x0800783c      0x14c ./Drivers/STM32H7xx_HAL_Driver/Src/stm32h7xx_hal_tim.o
                0x0800783c                TIM_Base_SetConfig
 .text.TIM_OC1_SetConfig
                0x08007988      0x120 ./Drivers/STM32H7xx_HAL_Driver/Src/stm32h7xx_hal_tim.o
 .text.TIM_OC2_SetConfig
                0x08007aa8      0x114 ./Drivers/STM32H7xx_HAL_Driver/Src/stm32h7xx_hal_tim.o
                0x08007aa8                TIM_OC2_SetConfig
 .text.TIM_OC3_SetConfig
                0x08007bbc      0x110 ./Drivers/STM32H7xx_HAL_Driver/Src/stm32h7xx_hal_tim.o
 .text.TIM_OC4_SetConfig
                0x08007ccc       0xd4 ./Drivers/STM32H7xx_HAL_Driver/Src/stm32h7xx_hal_tim.o
 .text.TIM_OC5_SetConfig
                0x08007da0       0xc8 ./Drivers/STM32H7xx_HAL_Driver/Src/stm32h7xx_hal_tim.o
 .text.TIM_OC6_SetConfig
                0x08007e68       0xcc ./Drivers/STM32H7xx_HAL_Driver/Src/stm32h7xx_hal_tim.o
 .text.TIM_SlaveTimer_SetConfig
                0x08007f34      0x1d4 ./Drivers/STM32H7xx_HAL_Driver/Src/stm32h7xx_hal_tim.o
 .text.TIM_TI1_SetConfig
                0x08008108       0xe8 ./Drivers/STM32H7xx_HAL_Driver/Src/stm32h7xx_hal_tim.o
                0x08008108                TIM_TI1_SetConfig
 .text.TIM_TI1_ConfigInputStage
                0x080081f0       0x5e ./Drivers/STM32H7xx_HAL_Driver/Src/stm32h7xx_hal_tim.o
 .text.TIM_TI2_SetConfig
                0x0800824e       0x7a ./Drivers/STM32H7xx_HAL_Driver/Src/stm32h7xx_hal_tim.o
 .text.TIM_TI2_ConfigInputStage
                0x080082c8       0x60 ./Drivers/STM32H7xx_HAL_Driver/Src/stm32h7xx_hal_tim.o
 .text.TIM_TI3_SetConfig
                0x08008328       0x78 ./Drivers/STM32H7xx_HAL_Driver/Src/stm32h7xx_hal_tim.o
 .text.TIM_TI4_SetConfig
                0x080083a0       0x7a ./Drivers/STM32H7xx_HAL_Driver/Src/stm32h7xx_hal_tim.o
 *fill*         0x0800841a        0x2 
 .text.TIM_ITRx_SetConfig
                0x0800841c       0x3c ./Drivers/STM32H7xx_HAL_Driver/Src/stm32h7xx_hal_tim.o
 .text.TIM_ETR_SetConfig
                0x08008458       0x40 ./Drivers/STM32H7xx_HAL_Driver/Src/stm32h7xx_hal_tim.o
                0x08008458                TIM_ETR_SetConfig
 .text.TIM_CCxChannelCmd
                0x08008498       0x4a ./Drivers/STM32H7xx_HAL_Driver/Src/stm32h7xx_hal_tim.o
                0x08008498                TIM_CCxChannelCmd
 *fill*         0x080084e2        0x2 
 .text.HAL_TIMEx_MasterConfigSynchronization
                0x080084e4      0x11c ./Drivers/STM32H7xx_HAL_Driver/Src/stm32h7xx_hal_tim_ex.o
                0x080084e4                HAL_TIMEx_MasterConfigSynchronization
 .text.HAL_TIMEx_ConfigBreakDeadTime
                0x08008600      0x118 ./Drivers/STM32H7xx_HAL_Driver/Src/stm32h7xx_hal_tim_ex.o
                0x08008600                HAL_TIMEx_ConfigBreakDeadTime
 .text.HAL_TIMEx_CommutCallback
                0x08008718       0x14 ./Drivers/STM32H7xx_HAL_Driver/Src/stm32h7xx_hal_tim_ex.o
                0x08008718                HAL_TIMEx_CommutCallback
 .text.HAL_TIMEx_BreakCallback
                0x0800872c       0x14 ./Drivers/STM32H7xx_HAL_Driver/Src/stm32h7xx_hal_tim_ex.o
                0x0800872c                HAL_TIMEx_BreakCallback
 .text.HAL_TIMEx_Break2Callback
                0x08008740       0x14 ./Drivers/STM32H7xx_HAL_Driver/Src/stm32h7xx_hal_tim_ex.o
                0x08008740                HAL_TIMEx_Break2Callback
 .text.HAL_UART_Init
                0x08008754       0xa0 ./Drivers/STM32H7xx_HAL_Driver/Src/stm32h7xx_hal_uart.o
                0x08008754                HAL_UART_Init
 .text.UART_SetConfig
                0x080087f4      0xcd8 ./Drivers/STM32H7xx_HAL_Driver/Src/stm32h7xx_hal_uart.o
                0x080087f4                UART_SetConfig
 .text.UART_AdvFeatureConfig
                0x080094cc      0x144 ./Drivers/STM32H7xx_HAL_Driver/Src/stm32h7xx_hal_uart.o
                0x080094cc                UART_AdvFeatureConfig
 .text.UART_CheckIdleState
                0x08009610      0x154 ./Drivers/STM32H7xx_HAL_Driver/Src/stm32h7xx_hal_uart.o
                0x08009610                UART_CheckIdleState
 .text.UART_WaitOnFlagUntilTimeout
                0x08009764       0xda ./Drivers/STM32H7xx_HAL_Driver/Src/stm32h7xx_hal_uart.o
                0x08009764                UART_WaitOnFlagUntilTimeout
 *fill*         0x0800983e        0x2 
 .text.UART_EndRxTransfer
                0x08009840       0xcc ./Drivers/STM32H7xx_HAL_Driver/Src/stm32h7xx_hal_uart.o
 .text.HAL_UARTEx_DisableFifoMode
                0x0800990c       0x72 ./Drivers/STM32H7xx_HAL_Driver/Src/stm32h7xx_hal_uart_ex.o
                0x0800990c                HAL_UARTEx_DisableFifoMode
 .text.HAL_UARTEx_SetTxFifoThreshold
                0x0800997e       0x7c ./Drivers/STM32H7xx_HAL_Driver/Src/stm32h7xx_hal_uart_ex.o
                0x0800997e                HAL_UARTEx_SetTxFifoThreshold
 .text.HAL_UARTEx_SetRxFifoThreshold
                0x080099fa       0x7c ./Drivers/STM32H7xx_HAL_Driver/Src/stm32h7xx_hal_uart_ex.o
                0x080099fa                HAL_UARTEx_SetRxFifoThreshold
 *fill*         0x08009a76        0x2 
 .text.UARTEx_SetNbDataToProcess
                0x08009a78       0x9c ./Drivers/STM32H7xx_HAL_Driver/Src/stm32h7xx_hal_uart_ex.o
 .text.memset   0x08009b14       0x10 /opt/st/stm32cubeide_1.15.1/plugins/com.st.stm32cube.ide.mcu.externaltools.gnu-tools-for-stm32.12.3.rel1.linux64_1.0.100.202403111256/tools/bin/../lib/gcc/arm-none-eabi/12.3.1/../../../../arm-none-eabi/lib/thumb/v7e-m+dp/hard/libc_nano.a(libc_a-memset.o)
                0x08009b14                memset
 .text.__errno  0x08009b24        0xc /opt/st/stm32cubeide_1.15.1/plugins/com.st.stm32cube.ide.mcu.externaltools.gnu-tools-for-stm32.12.3.rel1.linux64_1.0.100.202403111256/tools/bin/../lib/gcc/arm-none-eabi/12.3.1/../../../../arm-none-eabi/lib/thumb/v7e-m+dp/hard/libc_nano.a(libc_a-errno.o)
                0x08009b24                __errno
 .text.__libc_init_array
                0x08009b30       0x48 /opt/st/stm32cubeide_1.15.1/plugins/com.st.stm32cube.ide.mcu.externaltools.gnu-tools-for-stm32.12.3.rel1.linux64_1.0.100.202403111256/tools/bin/../lib/gcc/arm-none-eabi/12.3.1/../../../../arm-none-eabi/lib/thumb/v7e-m+dp/hard/libc_nano.a(libc_a-init.o)
                0x08009b30                __libc_init_array
 .text.asin     0x08009b78       0x58 /opt/st/stm32cubeide_1.15.1/plugins/com.st.stm32cube.ide.mcu.externaltools.gnu-tools-for-stm32.12.3.rel1.linux64_1.0.100.202403111256/tools/bin/../lib/gcc/arm-none-eabi/12.3.1/../../../../arm-none-eabi/lib/thumb/v7e-m+dp/hard/libm.a(libm_a-w_asin.o)
                0x08009b78                asin
 .text.atan2    0x08009bd0        0x4 /opt/st/stm32cubeide_1.15.1/plugins/com.st.stm32cube.ide.mcu.externaltools.gnu-tools-for-stm32.12.3.rel1.linux64_1.0.100.202403111256/tools/bin/../lib/gcc/arm-none-eabi/12.3.1/../../../../arm-none-eabi/lib/thumb/v7e-m+dp/hard/libm.a(libm_a-w_atan2.o)
                0x08009bd0                atan2
 .text.fabs     0x08009bd4       0x10 /opt/st/stm32cubeide_1.15.1/plugins/com.st.stm32cube.ide.mcu.externaltools.gnu-tools-for-stm32.12.3.rel1.linux64_1.0.100.202403111256/tools/bin/../lib/gcc/arm-none-eabi/12.3.1/../../../../arm-none-eabi/lib/thumb/v7e-m+dp/hard/libm.a(libm_a-s_fabs.o)
                0x08009bd4                fabs
 *fill*         0x08009be4        0x4 
 .text.nan      0x08009be8       0x10 /opt/st/stm32cubeide_1.15.1/plugins/com.st.stm32cube.ide.mcu.externaltools.gnu-tools-for-stm32.12.3.rel1.linux64_1.0.100.202403111256/tools/bin/../lib/gcc/arm-none-eabi/12.3.1/../../../../arm-none-eabi/lib/thumb/v7e-m+dp/hard/libm.a(libm_a-s_nan.o)
                0x08009be8                nan
 .text.__ieee754_asin
                0x08009bf8      0x21c /opt/st/stm32cubeide_1.15.1/plugins/com.st.stm32cube.ide.mcu.externaltools.gnu-tools-for-stm32.12.3.rel1.linux64_1.0.100.202403111256/tools/bin/../lib/gcc/arm-none-eabi/12.3.1/../../../../arm-none-eabi/lib/thumb/v7e-m+dp/hard/libm.a(libm_a-e_asin.o)
                0x08009bf8                __ieee754_asin
 *fill*         0x08009e14        0x4 
 .text.__ieee754_atan2
                0x08009e18      0x184 /opt/st/stm32cubeide_1.15.1/plugins/com.st.stm32cube.ide.mcu.externaltools.gnu-tools-for-stm32.12.3.rel1.linux64_1.0.100.202403111256/tools/bin/../lib/gcc/arm-none-eabi/12.3.1/../../../../arm-none-eabi/lib/thumb/v7e-m+dp/hard/libm.a(libm_a-e_atan2.o)
                0x08009e18                __ieee754_atan2
 *fill*         0x08009f9c        0x4 
 .text.atan     0x08009fa0      0x1f4 /opt/st/stm32cubeide_1.15.1/plugins/com.st.stm32cube.ide.mcu.externaltools.gnu-tools-for-stm32.12.3.rel1.linux64_1.0.100.202403111256/tools/bin/../lib/gcc/arm-none-eabi/12.3.1/../../../../arm-none-eabi/lib/thumb/v7e-m+dp/hard/libm.a(libm_a-s_atan.o)
                0x08009fa0                atan
 .text.__ieee754_sqrt
                0x0800a194        0x6 /opt/st/stm32cubeide_1.15.1/plugins/com.st.stm32cube.ide.mcu.externaltools.gnu-tools-for-stm32.12.3.rel1.linux64_1.0.100.202403111256/tools/bin/../lib/gcc/arm-none-eabi/12.3.1/../../../../arm-none-eabi/lib/thumb/v7e-m+dp/hard/libm.a(libm_a-e_sqrt.o)
                0x0800a194                __ieee754_sqrt
 *(.glue_7)
 .glue_7        0x0800a19a        0x0 linker stubs
 *(.glue_7t)
 .glue_7t       0x0800a19a        0x0 linker stubs
 *(.eh_frame)
 *fill*         0x0800a19a        0x2 
 .eh_frame      0x0800a19c        0x0 /opt/st/stm32cubeide_1.15.1/plugins/com.st.stm32cube.ide.mcu.externaltools.gnu-tools-for-stm32.12.3.rel1.linux64_1.0.100.202403111256/tools/bin/../lib/gcc/arm-none-eabi/12.3.1/thumb/v7e-m+dp/hard/crtbegin.o
 *(.init)
 .init          0x0800a19c        0x4 /opt/st/stm32cubeide_1.15.1/plugins/com.st.stm32cube.ide.mcu.externaltools.gnu-tools-for-stm32.12.3.rel1.linux64_1.0.100.202403111256/tools/bin/../lib/gcc/arm-none-eabi/12.3.1/thumb/v7e-m+dp/hard/crti.o
                0x0800a19c                _init
 .init          0x0800a1a0        0x8 /opt/st/stm32cubeide_1.15.1/plugins/com.st.stm32cube.ide.mcu.externaltools.gnu-tools-for-stm32.12.3.rel1.linux64_1.0.100.202403111256/tools/bin/../lib/gcc/arm-none-eabi/12.3.1/thumb/v7e-m+dp/hard/crtn.o
 *(.fini)
 .fini          0x0800a1a8        0x4 /opt/st/stm32cubeide_1.15.1/plugins/com.st.stm32cube.ide.mcu.externaltools.gnu-tools-for-stm32.12.3.rel1.linux64_1.0.100.202403111256/tools/bin/../lib/gcc/arm-none-eabi/12.3.1/thumb/v7e-m+dp/hard/crti.o
                0x0800a1a8                _fini
 .fini          0x0800a1ac        0x8 /opt/st/stm32cubeide_1.15.1/plugins/com.st.stm32cube.ide.mcu.externaltools.gnu-tools-for-stm32.12.3.rel1.linux64_1.0.100.202403111256/tools/bin/../lib/gcc/arm-none-eabi/12.3.1/thumb/v7e-m+dp/hard/crtn.o
                0x0800a1b4                        . = ALIGN (0x4)
                0x0800a1b4                        _etext = .

.vfp11_veneer   0x0800a1b4        0x0
 .vfp11_veneer  0x0800a1b4        0x0 linker stubs

.v4_bx          0x0800a1b4        0x0
 .v4_bx         0x0800a1b4        0x0 linker stubs

.iplt           0x0800a1b4        0x0
 .iplt          0x0800a1b4        0x0 /opt/st/stm32cubeide_1.15.1/plugins/com.st.stm32cube.ide.mcu.externaltools.gnu-tools-for-stm32.12.3.rel1.linux64_1.0.100.202403111256/tools/bin/../lib/gcc/arm-none-eabi/12.3.1/thumb/v7e-m+dp/hard/crtbegin.o

.rodata         0x0800a1b8       0xb0
                0x0800a1b8                        . = ALIGN (0x4)
 *(.rodata)
 *(.rodata*)
 .rodata.D1CorePrescTable
                0x0800a1b8       0x10 ./Core/Src/system_stm32h7xx.o
                0x0800a1b8                D1CorePrescTable
 .rodata.UARTPrescTable
                0x0800a1c8       0x18 ./Drivers/STM32H7xx_HAL_Driver/Src/stm32h7xx_hal_uart.o
                0x0800a1c8                UARTPrescTable
 .rodata.numerator.1
                0x0800a1e0        0x8 ./Drivers/STM32H7xx_HAL_Driver/Src/stm32h7xx_hal_uart_ex.o
 .rodata.denominator.0
                0x0800a1e8        0x8 ./Drivers/STM32H7xx_HAL_Driver/Src/stm32h7xx_hal_uart_ex.o
 .rodata.asin.str1.1
                0x0800a1f0        0x1 /opt/st/stm32cubeide_1.15.1/plugins/com.st.stm32cube.ide.mcu.externaltools.gnu-tools-for-stm32.12.3.rel1.linux64_1.0.100.202403111256/tools/bin/../lib/gcc/arm-none-eabi/12.3.1/../../../../arm-none-eabi/lib/thumb/v7e-m+dp/hard/libm.a(libm_a-w_asin.o)
 *fill*         0x0800a1f1        0x7 
 .rodata.CSWTCH.9
                0x0800a1f8       0x18 /opt/st/stm32cubeide_1.15.1/plugins/com.st.stm32cube.ide.mcu.externaltools.gnu-tools-for-stm32.12.3.rel1.linux64_1.0.100.202403111256/tools/bin/../lib/gcc/arm-none-eabi/12.3.1/../../../../arm-none-eabi/lib/thumb/v7e-m+dp/hard/libm.a(libm_a-e_atan2.o)
 .rodata.CSWTCH.8
                0x0800a210       0x18 /opt/st/stm32cubeide_1.15.1/plugins/com.st.stm32cube.ide.mcu.externaltools.gnu-tools-for-stm32.12.3.rel1.linux64_1.0.100.202403111256/tools/bin/../lib/gcc/arm-none-eabi/12.3.1/../../../../arm-none-eabi/lib/thumb/v7e-m+dp/hard/libm.a(libm_a-e_atan2.o)
 .rodata.atanlo
                0x0800a228       0x20 /opt/st/stm32cubeide_1.15.1/plugins/com.st.stm32cube.ide.mcu.externaltools.gnu-tools-for-stm32.12.3.rel1.linux64_1.0.100.202403111256/tools/bin/../lib/gcc/arm-none-eabi/12.3.1/../../../../arm-none-eabi/lib/thumb/v7e-m+dp/hard/libm.a(libm_a-s_atan.o)
 .rodata.atanhi
                0x0800a248       0x20 /opt/st/stm32cubeide_1.15.1/plugins/com.st.stm32cube.ide.mcu.externaltools.gnu-tools-for-stm32.12.3.rel1.linux64_1.0.100.202403111256/tools/bin/../lib/gcc/arm-none-eabi/12.3.1/../../../../arm-none-eabi/lib/thumb/v7e-m+dp/hard/libm.a(libm_a-s_atan.o)
                0x0800a268                        . = ALIGN (0x4)

.ARM.extab
 *(.ARM.extab* .gnu.linkonce.armextab.*)

.ARM            0x0800a268        0x8
                0x0800a268                        __exidx_start = .
 *(.ARM.exidx*)
 .ARM.exidx     0x0800a268        0x8 /opt/st/stm32cubeide_1.15.1/plugins/com.st.stm32cube.ide.mcu.externaltools.gnu-tools-for-stm32.12.3.rel1.linux64_1.0.100.202403111256/tools/bin/../lib/gcc/arm-none-eabi/12.3.1/thumb/v7e-m+dp/hard/libgcc.a(_udivmoddi4.o)
                0x0800a270                        __exidx_end = .

.preinit_array  0x0800a270        0x0
                0x0800a270                        PROVIDE (__preinit_array_start = .)
 *(.preinit_array*)
                0x0800a270                        PROVIDE (__preinit_array_end = .)

.init_array     0x0800a270        0x4
                0x0800a270                        PROVIDE (__init_array_start = .)
 *(SORT_BY_NAME(.init_array.*))
 *(.init_array*)
 .init_array    0x0800a270        0x4 /opt/st/stm32cubeide_1.15.1/plugins/com.st.stm32cube.ide.mcu.externaltools.gnu-tools-for-stm32.12.3.rel1.linux64_1.0.100.202403111256/tools/bin/../lib/gcc/arm-none-eabi/12.3.1/thumb/v7e-m+dp/hard/crtbegin.o
                0x0800a274                        PROVIDE (__init_array_end = .)

.fini_array     0x0800a274        0x4
                [!provide]                        PROVIDE (__fini_array_start = .)
 *(SORT_BY_NAME(.fini_array.*))
 *(.fini_array*)
 .fini_array    0x0800a274        0x4 /opt/st/stm32cubeide_1.15.1/plugins/com.st.stm32cube.ide.mcu.externaltools.gnu-tools-for-stm32.12.3.rel1.linux64_1.0.100.202403111256/tools/bin/../lib/gcc/arm-none-eabi/12.3.1/thumb/v7e-m+dp/hard/crtbegin.o
                [!provide]                        PROVIDE (__fini_array_end = .)
                0x0800a278                        _sidata = LOADADDR (.data)

.rel.dyn        0x0800a278        0x0
 .rel.iplt      0x0800a278        0x0 /opt/st/stm32cubeide_1.15.1/plugins/com.st.stm32cube.ide.mcu.externaltools.gnu-tools-for-stm32.12.3.rel1.linux64_1.0.100.202403111256/tools/bin/../lib/gcc/arm-none-eabi/12.3.1/thumb/v7e-m+dp/hard/crtbegin.o

.data           0x24000000       0x64 load address 0x0800a278
                0x24000000                        . = ALIGN (0x4)
                0x24000000                        _sdata = .
 *(.data)
 *(.data*)
 .data.q0       0x24000000        0x4 ./Core/Src/attitude.o
                0x24000000                q0
 .data.SystemCoreClock
                0x24000004        0x4 ./Core/Src/system_stm32h7xx.o
                0x24000004                SystemCoreClock
 .data.SystemD2Clock
                0x24000008        0x4 ./Core/Src/system_stm32h7xx.o
                0x24000008                SystemD2Clock
 .data.uwTickPrio
                0x2400000c        0x4 ./Drivers/STM32H7xx_HAL_Driver/Src/stm32h7xx_hal.o
                0x2400000c                uwTickPrio
 .data.uwTickFreq
                0x24000010        0x1 ./Drivers/STM32H7xx_HAL_Driver/Src/stm32h7xx_hal.o
                0x24000010                uwTickFreq
 *fill*         0x24000011        0x3 
 .data._impure_ptr
                0x24000014        0x4 /opt/st/stm32cubeide_1.15.1/plugins/com.st.stm32cube.ide.mcu.externaltools.gnu-tools-for-stm32.12.3.rel1.linux64_1.0.100.202403111256/tools/bin/../lib/gcc/arm-none-eabi/12.3.1/../../../../arm-none-eabi/lib/thumb/v7e-m+dp/hard/libc_nano.a(libc_a-impure.o)
                0x24000014                _impure_ptr
 .data._impure_data
                0x24000018       0x4c /opt/st/stm32cubeide_1.15.1/plugins/com.st.stm32cube.ide.mcu.externaltools.gnu-tools-for-stm32.12.3.rel1.linux64_1.0.100.202403111256/tools/bin/../lib/gcc/arm-none-eabi/12.3.1/../../../../arm-none-eabi/lib/thumb/v7e-m+dp/hard/libc_nano.a(libc_a-impure.o)
                0x24000018                _impure_data
 *(.RamFunc)
 *(.RamFunc*)
                0x24000064                        . = ALIGN (0x4)
                0x24000064                        _edata = .

.igot.plt       0x24000064        0x0 load address 0x0800a2dc
 .igot.plt      0x24000064        0x0 /opt/st/stm32cubeide_1.15.1/plugins/com.st.stm32cube.ide.mcu.externaltools.gnu-tools-for-stm32.12.3.rel1.linux64_1.0.100.202403111256/tools/bin/../lib/gcc/arm-none-eabi/12.3.1/thumb/v7e-m+dp/hard/crtbegin.o
                0x24000064                        . = ALIGN (0x4)

.bss            0x24000064      0x520 load address 0x0800a2dc
                0x24000064                        _sbss = .
                0x24000064                        __bss_start__ = _sbss
 *(.bss)
 .bss           0x24000064       0x1c /opt/st/stm32cubeide_1.15.1/plugins/com.st.stm32cube.ide.mcu.externaltools.gnu-tools-for-stm32.12.3.rel1.linux64_1.0.100.202403111256/tools/bin/../lib/gcc/arm-none-eabi/12.3.1/thumb/v7e-m+dp/hard/crtbegin.o
 *(.bss*)
 .bss.q1        0x24000080        0x4 ./Core/Src/attitude.o
                0x24000080                q1
 .bss.q2        0x24000084        0x4 ./Core/Src/attitude.o
                0x24000084                q2
 .bss.q3        0x24000088        0x4 ./Core/Src/attitude.o
                0x24000088                q3
 .bss.exInt     0x2400008c        0x4 ./Core/Src/attitude.o
                0x2400008c                exInt
 .bss.eyInt     0x24000090        0x4 ./Core/Src/attitude.o
                0x24000090                eyInt
 .bss.ezInt     0x24000094        0x4 ./Core/Src/attitude.o
                0x24000094                ezInt
 .bss.ahrs_kp   0x24000098        0x4 ./Core/Src/attitude.o
                0x24000098                ahrs_kp
 .bss.pid_x_integ1
                0x2400009c        0x4 ./Core/Src/control.o
                0x2400009c                pid_x_integ1
 .bss.pid_y_integ1
                0x240000a0        0x4 ./Core/Src/control.o
                0x240000a0                pid_y_integ1
 .bss.pid_z_integ1
                0x240000a4        0x4 ./Core/Src/control.o
                0x240000a4                pid_z_integ1
 .bss.pid_x_integ2
                0x240000a8        0x4 ./Core/Src/control.o
                0x240000a8                pid_x_integ2
 .bss.pid_y_integ2
                0x240000ac        0x4 ./Core/Src/control.o
                0x240000ac                pid_y_integ2
 .bss.pid_z_integ2
                0x240000b0        0x4 ./Core/Src/control.o
                0x240000b0                pid_z_integ2
 .bss.pid_x_pre_error2
                0x240000b4        0x4 ./Core/Src/control.o
                0x240000b4                pid_x_pre_error2
 .bss.pid_y_pre_error2
                0x240000b8        0x4 ./Core/Src/control.o
                0x240000b8                pid_y_pre_error2
 .bss.pid_z_pre_error2
                0x240000bc        0x4 ./Core/Src/control.o
                0x240000bc                pid_z_pre_error2
 .bss.pid_x_pre_deriv
                0x240000c0        0x4 ./Core/Src/control.o
                0x240000c0                pid_x_pre_deriv
 .bss.pid_y_pre_deriv
                0x240000c4        0x4 ./Core/Src/control.o
                0x240000c4                pid_y_pre_deriv
 .bss.motor_thr
                0x240000c8        0x2 ./Core/Src/control.o
                0x240000c8                motor_thr
 *fill*         0x240000ca        0x2 
 .bss.dt_recip  0x240000cc        0x4 ./Core/Src/control.o
                0x240000cc                dt_recip
 .bss.hi2c4     0x240000d0       0x54 ./Core/Src/main.o
                0x240000d0                hi2c4
 .bss.htim1     0x24000124       0x4c ./Core/Src/main.o
                0x24000124                htim1
 .bss.htim3     0x24000170       0x4c ./Core/Src/main.o
                0x24000170                htim3
 .bss.htim4     0x240001bc       0x4c ./Core/Src/main.o
                0x240001bc                htim4
 .bss.htim5     0x24000208       0x4c ./Core/Src/main.o
                0x24000208                htim5
 .bss.htim15    0x24000254       0x4c ./Core/Src/main.o
                0x24000254                htim15
 .bss.huart3    0x240002a0       0x94 ./Core/Src/main.o
                0x240002a0                huart3
 .bss.rc_comm_temp
                0x24000334       0x10 ./Core/Src/main.o
                0x24000334                rc_comm_temp
 .bss.rc_ref_euler
                0x24000344        0xc ./Core/Src/main.o
                0x24000344                rc_ref_euler
 .bss.attitude_euler
                0x24000350        0xc ./Core/Src/main.o
                0x24000350                attitude_euler
 .bss.motor_pwm
                0x2400035c        0x8 ./Core/Src/main.o
                0x2400035c                motor_pwm
 .bss.attitude  0x24000364       0x1c ./Core/Src/main.o
                0x24000364                attitude
 .bss.pid       0x24000380       0x70 ./Core/Src/main.o
                0x24000380                pid
 .bss.acc_attitude
                0x240003f0        0xc ./Core/Src/main.o
                0x240003f0                acc_attitude
 .bss.gyro_attitude
                0x240003fc        0xc ./Core/Src/main.o
                0x240003fc                gyro_attitude
 .bss.gyro_rad  0x24000408        0xc ./Core/Src/main.o
                0x24000408                gyro_rad
 .bss.cycle_rc_0
                0x24000414        0x4 ./Core/Src/main.o
                0x24000414                cycle_rc_0
 .bss.cycle_rc_1
                0x24000418        0x4 ./Core/Src/main.o
                0x24000418                cycle_rc_1
 .bss.cycle_rc_2
                0x2400041c        0x4 ./Core/Src/main.o
                0x2400041c                cycle_rc_2
 .bss.cycle_rc_3
                0x24000420        0x4 ./Core/Src/main.o
                0x24000420                cycle_rc_3
 .bss.period_rc_0
                0x24000424        0x4 ./Core/Src/main.o
                0x24000424                period_rc_0
 .bss.period_rc_1
                0x24000428        0x4 ./Core/Src/main.o
                0x24000428                period_rc_1
 .bss.period_rc_2
                0x2400042c        0x4 ./Core/Src/main.o
                0x2400042c                period_rc_2
 .bss.period_rc_3
                0x24000430        0x4 ./Core/Src/main.o
                0x24000430                period_rc_3
 .bss.channel_mag_0
                0x24000434        0x4 ./Core/Src/main.o
                0x24000434                channel_mag_0
 .bss.channel_mag_1
                0x24000438        0x4 ./Core/Src/main.o
                0x24000438                channel_mag_1
 .bss.channel_mag_2
                0x2400043c        0x4 ./Core/Src/main.o
                0x2400043c                channel_mag_2
 .bss.channel_mag_3
                0x24000440        0x4 ./Core/Src/main.o
                0x24000440                channel_mag_3
 .bss.t1        0x24000444        0x4 ./Core/Src/radio.o
                0x24000444                t1
 .bss.uwTick    0x24000448        0x4 ./Drivers/STM32H7xx_HAL_Driver/Src/stm32h7xx_hal.o
                0x24000448                uwTick
 .bss.__sf      0x2400044c      0x138 /opt/st/stm32cubeide_1.15.1/plugins/com.st.stm32cube.ide.mcu.externaltools.gnu-tools-for-stm32.12.3.rel1.linux64_1.0.100.202403111256/tools/bin/../lib/gcc/arm-none-eabi/12.3.1/../../../../arm-none-eabi/lib/thumb/v7e-m+dp/hard/libc_nano.a(libc_a-findfp.o)
                0x2400044c                __sf
 *(COMMON)
                0x24000584                        . = ALIGN (0x4)
                0x24000584                        _ebss = .
                0x24000584                        __bss_end__ = _ebss

._user_heap_stack
                0x24000584      0x604 load address 0x0800a2dc
                0x24000588                        . = ALIGN (0x8)
 *fill*         0x24000584        0x4 
                [!provide]                        PROVIDE (end = .)
                0x24000588                        PROVIDE (_end = .)
                0x24000788                        . = (. + _Min_Heap_Size)
 *fill*         0x24000588      0x200 
                0x24000b88                        . = (. + _Min_Stack_Size)
 *fill*         0x24000788      0x400 
                0x24000b88                        . = ALIGN (0x8)

/DISCARD/
 libc.a(*)
 libm.a(*)
 libgcc.a(*)

.ARM.attributes
                0x00000000       0x2e
 *(.ARM.attributes)
 .ARM.attributes
                0x00000000       0x20 /opt/st/stm32cubeide_1.15.1/plugins/com.st.stm32cube.ide.mcu.externaltools.gnu-tools-for-stm32.12.3.rel1.linux64_1.0.100.202403111256/tools/bin/../lib/gcc/arm-none-eabi/12.3.1/thumb/v7e-m+dp/hard/crti.o
 .ARM.attributes
                0x00000020       0x32 /opt/st/stm32cubeide_1.15.1/plugins/com.st.stm32cube.ide.mcu.externaltools.gnu-tools-for-stm32.12.3.rel1.linux64_1.0.100.202403111256/tools/bin/../lib/gcc/arm-none-eabi/12.3.1/thumb/v7e-m+dp/hard/crtbegin.o
 .ARM.attributes
                0x00000052       0x32 ./Core/Src/attitude.o
 .ARM.attributes
                0x00000084       0x32 ./Core/Src/control.o
 .ARM.attributes
                0x000000b6       0x32 ./Core/Src/main.o
 .ARM.attributes
                0x000000e8       0x32 ./Core/Src/math_extension.o
 .ARM.attributes
                0x0000011a       0x32 ./Core/Src/motor.o
 .ARM.attributes
                0x0000014c       0x32 ./Core/Src/quaternion.o
 .ARM.attributes
                0x0000017e       0x32 ./Core/Src/radio.o
 .ARM.attributes
                0x000001b0       0x32 ./Core/Src/stm32h7xx_hal_msp.o
 .ARM.attributes
                0x000001e2       0x32 ./Core/Src/stm32h7xx_it.o
 .ARM.attributes
                0x00000214       0x32 ./Core/Src/system_stm32h7xx.o
 .ARM.attributes
                0x00000246       0x21 ./Core/Startup/startup_stm32h7a3zitxq.o
 .ARM.attributes
                0x00000267       0x32 ./Drivers/STM32H7xx_HAL_Driver/Src/stm32h7xx_hal.o
 .ARM.attributes
                0x00000299       0x32 ./Drivers/STM32H7xx_HAL_Driver/Src/stm32h7xx_hal_cortex.o
 .ARM.attributes
                0x000002cb       0x32 ./Drivers/STM32H7xx_HAL_Driver/Src/stm32h7xx_hal_gpio.o
 .ARM.attributes
                0x000002fd       0x32 ./Drivers/STM32H7xx_HAL_Driver/Src/stm32h7xx_hal_i2c.o
 .ARM.attributes
                0x0000032f       0x32 ./Drivers/STM32H7xx_HAL_Driver/Src/stm32h7xx_hal_i2c_ex.o
 .ARM.attributes
                0x00000361       0x32 ./Drivers/STM32H7xx_HAL_Driver/Src/stm32h7xx_hal_pwr_ex.o
 .ARM.attributes
                0x00000393       0x32 ./Drivers/STM32H7xx_HAL_Driver/Src/stm32h7xx_hal_rcc.o
 .ARM.attributes
                0x000003c5       0x32 ./Drivers/STM32H7xx_HAL_Driver/Src/stm32h7xx_hal_rcc_ex.o
 .ARM.attributes
                0x000003f7       0x32 ./Drivers/STM32H7xx_HAL_Driver/Src/stm32h7xx_hal_tim.o
 .ARM.attributes
                0x00000429       0x32 ./Drivers/STM32H7xx_HAL_Driver/Src/stm32h7xx_hal_tim_ex.o
 .ARM.attributes
                0x0000045b       0x32 ./Drivers/STM32H7xx_HAL_Driver/Src/stm32h7xx_hal_uart.o
 .ARM.attributes
                0x0000048d       0x32 ./Drivers/STM32H7xx_HAL_Driver/Src/stm32h7xx_hal_uart_ex.o
 .ARM.attributes
                0x000004bf       0x32 /opt/st/stm32cubeide_1.15.1/plugins/com.st.stm32cube.ide.mcu.externaltools.gnu-tools-for-stm32.12.3.rel1.linux64_1.0.100.202403111256/tools/bin/../lib/gcc/arm-none-eabi/12.3.1/../../../../arm-none-eabi/lib/thumb/v7e-m+dp/hard/libc_nano.a(libc_a-findfp.o)
 .ARM.attributes
                0x000004f1       0x32 /opt/st/stm32cubeide_1.15.1/plugins/com.st.stm32cube.ide.mcu.externaltools.gnu-tools-for-stm32.12.3.rel1.linux64_1.0.100.202403111256/tools/bin/../lib/gcc/arm-none-eabi/12.3.1/../../../../arm-none-eabi/lib/thumb/v7e-m+dp/hard/libc_nano.a(libc_a-memset.o)
 .ARM.attributes
                0x00000523       0x32 /opt/st/stm32cubeide_1.15.1/plugins/com.st.stm32cube.ide.mcu.externaltools.gnu-tools-for-stm32.12.3.rel1.linux64_1.0.100.202403111256/tools/bin/../lib/gcc/arm-none-eabi/12.3.1/../../../../arm-none-eabi/lib/thumb/v7e-m+dp/hard/libc_nano.a(libc_a-impure.o)
 .ARM.attributes
                0x00000555       0x32 /opt/st/stm32cubeide_1.15.1/plugins/com.st.stm32cube.ide.mcu.externaltools.gnu-tools-for-stm32.12.3.rel1.linux64_1.0.100.202403111256/tools/bin/../lib/gcc/arm-none-eabi/12.3.1/../../../../arm-none-eabi/lib/thumb/v7e-m+dp/hard/libc_nano.a(libc_a-errno.o)
 .ARM.attributes
                0x00000587       0x32 /opt/st/stm32cubeide_1.15.1/plugins/com.st.stm32cube.ide.mcu.externaltools.gnu-tools-for-stm32.12.3.rel1.linux64_1.0.100.202403111256/tools/bin/../lib/gcc/arm-none-eabi/12.3.1/../../../../arm-none-eabi/lib/thumb/v7e-m+dp/hard/libc_nano.a(libc_a-init.o)
 .ARM.attributes
                0x000005b9       0x32 /opt/st/stm32cubeide_1.15.1/plugins/com.st.stm32cube.ide.mcu.externaltools.gnu-tools-for-stm32.12.3.rel1.linux64_1.0.100.202403111256/tools/bin/../lib/gcc/arm-none-eabi/12.3.1/../../../../arm-none-eabi/lib/thumb/v7e-m+dp/hard/libm.a(libm_a-w_asin.o)
 .ARM.attributes
                0x000005eb       0x32 /opt/st/stm32cubeide_1.15.1/plugins/com.st.stm32cube.ide.mcu.externaltools.gnu-tools-for-stm32.12.3.rel1.linux64_1.0.100.202403111256/tools/bin/../lib/gcc/arm-none-eabi/12.3.1/../../../../arm-none-eabi/lib/thumb/v7e-m+dp/hard/libm.a(libm_a-w_atan2.o)
 .ARM.attributes
                0x0000061d       0x32 /opt/st/stm32cubeide_1.15.1/plugins/com.st.stm32cube.ide.mcu.externaltools.gnu-tools-for-stm32.12.3.rel1.linux64_1.0.100.202403111256/tools/bin/../lib/gcc/arm-none-eabi/12.3.1/../../../../arm-none-eabi/lib/thumb/v7e-m+dp/hard/libm.a(libm_a-s_fabs.o)
 .ARM.attributes
                0x0000064f       0x32 /opt/st/stm32cubeide_1.15.1/plugins/com.st.stm32cube.ide.mcu.externaltools.gnu-tools-for-stm32.12.3.rel1.linux64_1.0.100.202403111256/tools/bin/../lib/gcc/arm-none-eabi/12.3.1/../../../../arm-none-eabi/lib/thumb/v7e-m+dp/hard/libm.a(libm_a-s_nan.o)
 .ARM.attributes
                0x00000681       0x32 /opt/st/stm32cubeide_1.15.1/plugins/com.st.stm32cube.ide.mcu.externaltools.gnu-tools-for-stm32.12.3.rel1.linux64_1.0.100.202403111256/tools/bin/../lib/gcc/arm-none-eabi/12.3.1/../../../../arm-none-eabi/lib/thumb/v7e-m+dp/hard/libm.a(libm_a-e_asin.o)
 .ARM.attributes
                0x000006b3       0x32 /opt/st/stm32cubeide_1.15.1/plugins/com.st.stm32cube.ide.mcu.externaltools.gnu-tools-for-stm32.12.3.rel1.linux64_1.0.100.202403111256/tools/bin/../lib/gcc/arm-none-eabi/12.3.1/../../../../arm-none-eabi/lib/thumb/v7e-m+dp/hard/libm.a(libm_a-e_atan2.o)
 .ARM.attributes
                0x000006e5       0x32 /opt/st/stm32cubeide_1.15.1/plugins/com.st.stm32cube.ide.mcu.externaltools.gnu-tools-for-stm32.12.3.rel1.linux64_1.0.100.202403111256/tools/bin/../lib/gcc/arm-none-eabi/12.3.1/../../../../arm-none-eabi/lib/thumb/v7e-m+dp/hard/libm.a(libm_a-s_atan.o)
 .ARM.attributes
                0x00000717       0x32 /opt/st/stm32cubeide_1.15.1/plugins/com.st.stm32cube.ide.mcu.externaltools.gnu-tools-for-stm32.12.3.rel1.linux64_1.0.100.202403111256/tools/bin/../lib/gcc/arm-none-eabi/12.3.1/../../../../arm-none-eabi/lib/thumb/v7e-m+dp/hard/libm.a(libm_a-e_sqrt.o)
 .ARM.attributes
                0x00000749       0x20 /opt/st/stm32cubeide_1.15.1/plugins/com.st.stm32cube.ide.mcu.externaltools.gnu-tools-for-stm32.12.3.rel1.linux64_1.0.100.202403111256/tools/bin/../lib/gcc/arm-none-eabi/12.3.1/thumb/v7e-m+dp/hard/libgcc.a(_aeabi_uldivmod.o)
 .ARM.attributes
                0x00000769       0x32 /opt/st/stm32cubeide_1.15.1/plugins/com.st.stm32cube.ide.mcu.externaltools.gnu-tools-for-stm32.12.3.rel1.linux64_1.0.100.202403111256/tools/bin/../lib/gcc/arm-none-eabi/12.3.1/thumb/v7e-m+dp/hard/libgcc.a(_udivmoddi4.o)
 .ARM.attributes
                0x0000079b       0x20 /opt/st/stm32cubeide_1.15.1/plugins/com.st.stm32cube.ide.mcu.externaltools.gnu-tools-for-stm32.12.3.rel1.linux64_1.0.100.202403111256/tools/bin/../lib/gcc/arm-none-eabi/12.3.1/thumb/v7e-m+dp/hard/libgcc.a(_dvmd_tls.o)
 .ARM.attributes
                0x000007bb       0x20 /opt/st/stm32cubeide_1.15.1/plugins/com.st.stm32cube.ide.mcu.externaltools.gnu-tools-for-stm32.12.3.rel1.linux64_1.0.100.202403111256/tools/bin/../lib/gcc/arm-none-eabi/12.3.1/thumb/v7e-m+dp/hard/crtn.o
OUTPUT(Quadcopter_UniTS.elf elf32-littlearm)
LOAD linker stubs
LOAD /opt/st/stm32cubeide_1.15.1/plugins/com.st.stm32cube.ide.mcu.externaltools.gnu-tools-for-stm32.12.3.rel1.linux64_1.0.100.202403111256/tools/bin/../lib/gcc/arm-none-eabi/12.3.1/../../../../arm-none-eabi/lib/thumb/v7e-m+dp/hard/libc.a
LOAD /opt/st/stm32cubeide_1.15.1/plugins/com.st.stm32cube.ide.mcu.externaltools.gnu-tools-for-stm32.12.3.rel1.linux64_1.0.100.202403111256/tools/bin/../lib/gcc/arm-none-eabi/12.3.1/../../../../arm-none-eabi/lib/thumb/v7e-m+dp/hard/libm.a
LOAD /opt/st/stm32cubeide_1.15.1/plugins/com.st.stm32cube.ide.mcu.externaltools.gnu-tools-for-stm32.12.3.rel1.linux64_1.0.100.202403111256/tools/bin/../lib/gcc/arm-none-eabi/12.3.1/thumb/v7e-m+dp/hard/libgcc.a

.debug_info     0x00000000    0x19f73
 .debug_info    0x00000000      0x4f6 ./Core/Src/attitude.o
 .debug_info    0x000004f6      0x573 ./Core/Src/control.o
 .debug_info    0x00000a69     0x2772 ./Core/Src/main.o
 .debug_info    0x000031db       0xd7 ./Core/Src/math_extension.o
 .debug_info    0x000032b2      0x7bf ./Core/Src/motor.o
 .debug_info    0x00003a71      0x3e0 ./Core/Src/quaternion.o
 .debug_info    0x00003e51      0x193 ./Core/Src/radio.o
 .debug_info    0x00003fe4     0x1cdf ./Core/Src/stm32h7xx_hal_msp.o
 .debug_info    0x00005cc3      0x869 ./Core/Src/stm32h7xx_it.o
 .debug_info    0x0000652c      0xc73 ./Core/Src/system_stm32h7xx.o
 .debug_info    0x0000719f       0x30 ./Core/Startup/startup_stm32h7a3zitxq.o
 .debug_info    0x000071cf     0x13f1 ./Drivers/STM32H7xx_HAL_Driver/Src/stm32h7xx_hal.o
 .debug_info    0x000085c0     0x108e ./Drivers/STM32H7xx_HAL_Driver/Src/stm32h7xx_hal_cortex.o
 .debug_info    0x0000964e      0xb2b ./Drivers/STM32H7xx_HAL_Driver/Src/stm32h7xx_hal_gpio.o
 .debug_info    0x0000a179     0x22a1 ./Drivers/STM32H7xx_HAL_Driver/Src/stm32h7xx_hal_i2c.o
 .debug_info    0x0000c41a      0xc64 ./Drivers/STM32H7xx_HAL_Driver/Src/stm32h7xx_hal_i2c_ex.o
 .debug_info    0x0000d07e      0xef7 ./Drivers/STM32H7xx_HAL_Driver/Src/stm32h7xx_hal_pwr_ex.o
 .debug_info    0x0000df75      0xea1 ./Drivers/STM32H7xx_HAL_Driver/Src/stm32h7xx_hal_rcc.o
 .debug_info    0x0000ee16     0x11fd ./Drivers/STM32H7xx_HAL_Driver/Src/stm32h7xx_hal_rcc_ex.o
 .debug_info    0x00010013     0x2bae ./Drivers/STM32H7xx_HAL_Driver/Src/stm32h7xx_hal_tim.o
 .debug_info    0x00012bc1     0x18c1 ./Drivers/STM32H7xx_HAL_Driver/Src/stm32h7xx_hal_tim_ex.o
 .debug_info    0x00014482     0x4b32 ./Drivers/STM32H7xx_HAL_Driver/Src/stm32h7xx_hal_uart.o
 .debug_info    0x00018fb4      0xfbf ./Drivers/STM32H7xx_HAL_Driver/Src/stm32h7xx_hal_uart_ex.o

.debug_abbrev   0x00000000     0x2e50
 .debug_abbrev  0x00000000      0x135 ./Core/Src/attitude.o
 .debug_abbrev  0x00000135       0xf8 ./Core/Src/control.o
 .debug_abbrev  0x0000022d      0x3a7 ./Core/Src/main.o
 .debug_abbrev  0x000005d4       0xa0 ./Core/Src/math_extension.o
 .debug_abbrev  0x00000674      0x178 ./Core/Src/motor.o
 .debug_abbrev  0x000007ec      0x10e ./Core/Src/quaternion.o
 .debug_abbrev  0x000008fa       0xc3 ./Core/Src/radio.o
 .debug_abbrev  0x000009bd      0x27f ./Core/Src/stm32h7xx_hal_msp.o
 .debug_abbrev  0x00000c3c      0x192 ./Core/Src/stm32h7xx_it.o
 .debug_abbrev  0x00000dce      0x14a ./Core/Src/system_stm32h7xx.o
 .debug_abbrev  0x00000f18       0x24 ./Core/Startup/startup_stm32h7a3zitxq.o
 .debug_abbrev  0x00000f3c      0x291 ./Drivers/STM32H7xx_HAL_Driver/Src/stm32h7xx_hal.o
 .debug_abbrev  0x000011cd      0x339 ./Drivers/STM32H7xx_HAL_Driver/Src/stm32h7xx_hal_cortex.o
 .debug_abbrev  0x00001506      0x1fa ./Drivers/STM32H7xx_HAL_Driver/Src/stm32h7xx_hal_gpio.o
 .debug_abbrev  0x00001700      0x25d ./Drivers/STM32H7xx_HAL_Driver/Src/stm32h7xx_hal_i2c.o
 .debug_abbrev  0x0000195d      0x1f1 ./Drivers/STM32H7xx_HAL_Driver/Src/stm32h7xx_hal_i2c_ex.o
 .debug_abbrev  0x00001b4e      0x297 ./Drivers/STM32H7xx_HAL_Driver/Src/stm32h7xx_hal_pwr_ex.o
 .debug_abbrev  0x00001de5      0x2c5 ./Drivers/STM32H7xx_HAL_Driver/Src/stm32h7xx_hal_rcc.o
 .debug_abbrev  0x000020aa      0x27a ./Drivers/STM32H7xx_HAL_Driver/Src/stm32h7xx_hal_rcc_ex.o
 .debug_abbrev  0x00002324      0x276 ./Drivers/STM32H7xx_HAL_Driver/Src/stm32h7xx_hal_tim.o
 .debug_abbrev  0x0000259a      0x296 ./Drivers/STM32H7xx_HAL_Driver/Src/stm32h7xx_hal_tim_ex.o
 .debug_abbrev  0x00002830      0x34e ./Drivers/STM32H7xx_HAL_Driver/Src/stm32h7xx_hal_uart.o
 .debug_abbrev  0x00002b7e      0x2d2 ./Drivers/STM32H7xx_HAL_Driver/Src/stm32h7xx_hal_uart_ex.o

.debug_aranges  0x00000000     0x1430
 .debug_aranges
                0x00000000       0x20 ./Core/Src/attitude.o
 .debug_aranges
                0x00000020       0x30 ./Core/Src/control.o
 .debug_aranges
                0x00000050       0x90 ./Core/Src/main.o
 .debug_aranges
                0x000000e0       0x28 ./Core/Src/math_extension.o
 .debug_aranges
                0x00000108       0x28 ./Core/Src/motor.o
 .debug_aranges
                0x00000130       0x40 ./Core/Src/quaternion.o
 .debug_aranges
                0x00000170       0x20 ./Core/Src/radio.o
 .debug_aranges
                0x00000190       0x58 ./Core/Src/stm32h7xx_hal_msp.o
 .debug_aranges
                0x000001e8       0x80 ./Core/Src/stm32h7xx_it.o
 .debug_aranges
                0x00000268       0x28 ./Core/Src/system_stm32h7xx.o
 .debug_aranges
                0x00000290       0x28 ./Core/Startup/startup_stm32h7a3zitxq.o
 .debug_aranges
                0x000002b8      0x1a0 ./Drivers/STM32H7xx_HAL_Driver/Src/stm32h7xx_hal.o
 .debug_aranges
                0x00000458      0x130 ./Drivers/STM32H7xx_HAL_Driver/Src/stm32h7xx_hal_cortex.o
 .debug_aranges
                0x00000588       0x58 ./Drivers/STM32H7xx_HAL_Driver/Src/stm32h7xx_hal_gpio.o
 .debug_aranges
                0x000005e0      0x2a0 ./Drivers/STM32H7xx_HAL_Driver/Src/stm32h7xx_hal_i2c.o
 .debug_aranges
                0x00000880       0x48 ./Drivers/STM32H7xx_HAL_Driver/Src/stm32h7xx_hal_i2c_ex.o
 .debug_aranges
                0x000008c8      0x188 ./Drivers/STM32H7xx_HAL_Driver/Src/stm32h7xx_hal_pwr_ex.o
 .debug_aranges
                0x00000a50       0x88 ./Drivers/STM32H7xx_HAL_Driver/Src/stm32h7xx_hal_rcc.o
 .debug_aranges
                0x00000ad8       0xf0 ./Drivers/STM32H7xx_HAL_Driver/Src/stm32h7xx_hal_rcc_ex.o
 .debug_aranges
                0x00000bc8      0x3e0 ./Drivers/STM32H7xx_HAL_Driver/Src/stm32h7xx_hal_tim.o
 .debug_aranges
                0x00000fa8      0x198 ./Drivers/STM32H7xx_HAL_Driver/Src/stm32h7xx_hal_tim_ex.o
 .debug_aranges
                0x00001140      0x248 ./Drivers/STM32H7xx_HAL_Driver/Src/stm32h7xx_hal_uart.o
 .debug_aranges
                0x00001388       0xa8 ./Drivers/STM32H7xx_HAL_Driver/Src/stm32h7xx_hal_uart_ex.o

.debug_rnglists
                0x00000000      0xfda
 .debug_rnglists
                0x00000000       0x14 ./Core/Src/attitude.o
 .debug_rnglists
                0x00000014       0x22 ./Core/Src/control.o
 .debug_rnglists
                0x00000036       0x72 ./Core/Src/main.o
 .debug_rnglists
                0x000000a8       0x19 ./Core/Src/math_extension.o
 .debug_rnglists
                0x000000c1       0x1a ./Core/Src/motor.o
 .debug_rnglists
                0x000000db       0x2f ./Core/Src/quaternion.o
 .debug_rnglists
                0x0000010a       0x14 ./Core/Src/radio.o
 .debug_rnglists
                0x0000011e       0x41 ./Core/Src/stm32h7xx_hal_msp.o
 .debug_rnglists
                0x0000015f       0x5b ./Core/Src/stm32h7xx_it.o
 .debug_rnglists
                0x000001ba       0x1b ./Core/Src/system_stm32h7xx.o
 .debug_rnglists
                0x000001d5       0x19 ./Core/Startup/startup_stm32h7a3zitxq.o
 .debug_rnglists
                0x000001ee      0x137 ./Drivers/STM32H7xx_HAL_Driver/Src/stm32h7xx_hal.o
 .debug_rnglists
                0x00000325       0xe0 ./Drivers/STM32H7xx_HAL_Driver/Src/stm32h7xx_hal_cortex.o
 .debug_rnglists
                0x00000405       0x3f ./Drivers/STM32H7xx_HAL_Driver/Src/stm32h7xx_hal_gpio.o
 .debug_rnglists
                0x00000444      0x22a ./Drivers/STM32H7xx_HAL_Driver/Src/stm32h7xx_hal_i2c.o
 .debug_rnglists
                0x0000066e       0x35 ./Drivers/STM32H7xx_HAL_Driver/Src/stm32h7xx_hal_i2c_ex.o
 .debug_rnglists
                0x000006a3      0x127 ./Drivers/STM32H7xx_HAL_Driver/Src/stm32h7xx_hal_pwr_ex.o
 .debug_rnglists
                0x000007ca       0x68 ./Drivers/STM32H7xx_HAL_Driver/Src/stm32h7xx_hal_rcc.o
 .debug_rnglists
                0x00000832       0xba ./Drivers/STM32H7xx_HAL_Driver/Src/stm32h7xx_hal_rcc_ex.o
 .debug_rnglists
                0x000008ec      0x328 ./Drivers/STM32H7xx_HAL_Driver/Src/stm32h7xx_hal_tim.o
 .debug_rnglists
                0x00000c14      0x14d ./Drivers/STM32H7xx_HAL_Driver/Src/stm32h7xx_hal_tim_ex.o
 .debug_rnglists
                0x00000d61      0x1fa ./Drivers/STM32H7xx_HAL_Driver/Src/stm32h7xx_hal_uart.o
 .debug_rnglists
                0x00000f5b       0x7f ./Drivers/STM32H7xx_HAL_Driver/Src/stm32h7xx_hal_uart_ex.o

.debug_macro    0x00000000    0x31678
 .debug_macro   0x00000000      0x2f5 ./Core/Src/attitude.o
 .debug_macro   0x000002f5      0xacc ./Core/Src/attitude.o
 .debug_macro   0x00000dc1      0x238 ./Core/Src/attitude.o
 .debug_macro   0x00000ff9       0x2e ./Core/Src/attitude.o
 .debug_macro   0x00001027       0x42 ./Core/Src/attitude.o
 .debug_macro   0x00001069       0x22 ./Core/Src/attitude.o
 .debug_macro   0x0000108b       0x8e ./Core/Src/attitude.o
 .debug_macro   0x00001119       0x51 ./Core/Src/attitude.o
 .debug_macro   0x0000116a      0x103 ./Core/Src/attitude.o
 .debug_macro   0x0000126d       0x6a ./Core/Src/attitude.o
 .debug_macro   0x000012d7      0x1df ./Core/Src/attitude.o
 .debug_macro   0x000014b6       0x1c ./Core/Src/attitude.o
 .debug_macro   0x000014d2       0x22 ./Core/Src/attitude.o
 .debug_macro   0x000014f4       0xfb ./Core/Src/attitude.o
 .debug_macro   0x000015ef     0x1305 ./Core/Src/attitude.o
 .debug_macro   0x000028f4      0x11f ./Core/Src/attitude.o
 .debug_macro   0x00002a13       0x27 ./Core/Src/attitude.o
 .debug_macro   0x00002a3a    0x1e941 ./Core/Src/attitude.o
 .debug_macro   0x0002137b       0x6d ./Core/Src/attitude.o
 .debug_macro   0x000213e8     0x3d80 ./Core/Src/attitude.o
 .debug_macro   0x00025168      0x189 ./Core/Src/attitude.o
 .debug_macro   0x000252f1       0x61 ./Core/Src/attitude.o
 .debug_macro   0x00025352       0x29 ./Core/Src/attitude.o
 .debug_macro   0x0002537b       0x43 ./Core/Src/attitude.o
 .debug_macro   0x000253be       0x34 ./Core/Src/attitude.o
 .debug_macro   0x000253f2       0x16 ./Core/Src/attitude.o
 .debug_macro   0x00025408       0x43 ./Core/Src/attitude.o
 .debug_macro   0x0002544b       0x34 ./Core/Src/attitude.o
 .debug_macro   0x0002547f       0x10 ./Core/Src/attitude.o
 .debug_macro   0x0002548f       0x58 ./Core/Src/attitude.o
 .debug_macro   0x000254e7       0x8e ./Core/Src/attitude.o
 .debug_macro   0x00025575       0x1c ./Core/Src/attitude.o
 .debug_macro   0x00025591      0x177 ./Core/Src/attitude.o
 .debug_macro   0x00025708      0x369 ./Core/Src/attitude.o
 .debug_macro   0x00025a71      0x19b ./Core/Src/attitude.o
 .debug_macro   0x00025c0c       0x5d ./Core/Src/attitude.o
 .debug_macro   0x00025c69     0x24ee ./Core/Src/attitude.o
 .debug_macro   0x00028157     0x103a ./Core/Src/attitude.o
 .debug_macro   0x00029191      0x154 ./Core/Src/attitude.o
 .debug_macro   0x000292e5      0x114 ./Core/Src/attitude.o
 .debug_macro   0x000293f9      0x3d5 ./Core/Src/attitude.o
 .debug_macro   0x000297ce       0xac ./Core/Src/attitude.o
 .debug_macro   0x0002987a      0x70a ./Core/Src/attitude.o
 .debug_macro   0x00029f84      0x20c ./Core/Src/attitude.o
 .debug_macro   0x0002a190       0x66 ./Core/Src/attitude.o
 .debug_macro   0x0002a1f6      0x3c9 ./Core/Src/attitude.o
 .debug_macro   0x0002a5bf      0x3eb ./Core/Src/attitude.o
 .debug_macro   0x0002a9aa      0x275 ./Core/Src/attitude.o
 .debug_macro   0x0002ac1f      0x6c8 ./Core/Src/attitude.o
 .debug_macro   0x0002b2e7      0x520 ./Core/Src/attitude.o
 .debug_macro   0x0002b807       0x58 ./Core/Src/attitude.o
 .debug_macro   0x0002b85f       0x4a ./Core/Src/attitude.o
 .debug_macro   0x0002b8a9      0x22c ./Core/Src/attitude.o
 .debug_macro   0x0002bad5       0x67 ./Core/Src/attitude.o
 .debug_macro   0x0002bb3c       0xa5 ./Core/Src/attitude.o
 .debug_macro   0x0002bbe1      0x1bd ./Core/Src/attitude.o
 .debug_macro   0x0002bd9e      0x2dc ./Core/Src/attitude.o
 .debug_macro   0x0002c07a       0x35 ./Core/Src/attitude.o
 .debug_macro   0x0002c0af      0xb24 ./Core/Src/attitude.o
 .debug_macro   0x0002cbd3      0x29f ./Core/Src/attitude.o
 .debug_macro   0x0002ce72      0x693 ./Core/Src/attitude.o
 .debug_macro   0x0002d505       0xa6 ./Core/Src/attitude.o
 .debug_macro   0x0002d5ab      0x5be ./Core/Src/attitude.o
 .debug_macro   0x0002db69       0x10 ./Core/Src/attitude.o
 .debug_macro   0x0002db79       0x3a ./Core/Src/attitude.o
 .debug_macro   0x0002dbb3       0x70 ./Core/Src/attitude.o
 .debug_macro   0x0002dc23       0x16 ./Core/Src/attitude.o
 .debug_macro   0x0002dc39      0x118 ./Core/Src/attitude.o
 .debug_macro   0x0002dd51      0x2f1 ./Core/Src/control.o
 .debug_macro   0x0002e042      0x312 ./Core/Src/main.o
 .debug_macro   0x0002e354       0xc4 ./Core/Src/main.o
 .debug_macro   0x0002e418       0x34 ./Core/Src/main.o
 .debug_macro   0x0002e44c       0x1a ./Core/Src/math_extension.o
 .debug_macro   0x0002e466      0x2b7 ./Core/Src/motor.o
 .debug_macro   0x0002e71d       0x10 ./Core/Src/motor.o
 .debug_macro   0x0002e72d      0x2c1 ./Core/Src/quaternion.o
 .debug_macro   0x0002e9ee      0x2d4 ./Core/Src/radio.o
 .debug_macro   0x0002ecc2      0x2b7 ./Core/Src/stm32h7xx_hal_msp.o
 .debug_macro   0x0002ef79      0x2c1 ./Core/Src/stm32h7xx_it.o
 .debug_macro   0x0002f23a      0x2a8 ./Core/Src/system_stm32h7xx.o
 .debug_macro   0x0002f4e2      0x2d2 ./Drivers/STM32H7xx_HAL_Driver/Src/stm32h7xx_hal.o
 .debug_macro   0x0002f7b4      0x2a8 ./Drivers/STM32H7xx_HAL_Driver/Src/stm32h7xx_hal_cortex.o
 .debug_macro   0x0002fa5c      0x2af ./Drivers/STM32H7xx_HAL_Driver/Src/stm32h7xx_hal_gpio.o
 .debug_macro   0x0002fd0b      0x374 ./Drivers/STM32H7xx_HAL_Driver/Src/stm32h7xx_hal_i2c.o
 .debug_macro   0x0003007f      0x2a8 ./Drivers/STM32H7xx_HAL_Driver/Src/stm32h7xx_hal_i2c_ex.o
 .debug_macro   0x00030327      0x2e1 ./Drivers/STM32H7xx_HAL_Driver/Src/stm32h7xx_hal_pwr_ex.o
 .debug_macro   0x00030608      0x2cc ./Drivers/STM32H7xx_HAL_Driver/Src/stm32h7xx_hal_rcc.o
 .debug_macro   0x000308d4      0x2c6 ./Drivers/STM32H7xx_HAL_Driver/Src/stm32h7xx_hal_rcc_ex.o
 .debug_macro   0x00030b9a      0x2a9 ./Drivers/STM32H7xx_HAL_Driver/Src/stm32h7xx_hal_tim.o
 .debug_macro   0x00030e43      0x2ae ./Drivers/STM32H7xx_HAL_Driver/Src/stm32h7xx_hal_tim_ex.o
 .debug_macro   0x000310f1      0x2d3 ./Drivers/STM32H7xx_HAL_Driver/Src/stm32h7xx_hal_uart.o
 .debug_macro   0x000313c4      0x2b4 ./Drivers/STM32H7xx_HAL_Driver/Src/stm32h7xx_hal_uart_ex.o

.debug_line     0x00000000    0x1ba69
 .debug_line    0x00000000      0x9b3 ./Core/Src/attitude.o
 .debug_line    0x000009b3      0xbb2 ./Core/Src/control.o
 .debug_line    0x00001565     0x101f ./Core/Src/main.o
 .debug_line    0x00002584       0xe7 ./Core/Src/math_extension.o
 .debug_line    0x0000266b      0x8bc ./Core/Src/motor.o
 .debug_line    0x00002f27      0xae8 ./Core/Src/quaternion.o
 .debug_line    0x00003a0f      0x8af ./Core/Src/radio.o
 .debug_line    0x000042be      0xa21 ./Core/Src/stm32h7xx_hal_msp.o
 .debug_line    0x00004cdf      0x93d ./Core/Src/stm32h7xx_it.o
 .debug_line    0x0000561c      0x9cb ./Core/Src/system_stm32h7xx.o
 .debug_line    0x00005fe7       0x7a ./Core/Startup/startup_stm32h7a3zitxq.o
 .debug_line    0x00006061      0xdd8 ./Drivers/STM32H7xx_HAL_Driver/Src/stm32h7xx_hal.o
 .debug_line    0x00006e39      0xdfa ./Drivers/STM32H7xx_HAL_Driver/Src/stm32h7xx_hal_cortex.o
 .debug_line    0x00007c33      0xca3 ./Drivers/STM32H7xx_HAL_Driver/Src/stm32h7xx_hal_gpio.o
 .debug_line    0x000088d6     0x3e37 ./Drivers/STM32H7xx_HAL_Driver/Src/stm32h7xx_hal_i2c.o
 .debug_line    0x0000c70d      0xa38 ./Drivers/STM32H7xx_HAL_Driver/Src/stm32h7xx_hal_i2c_ex.o
 .debug_line    0x0000d145      0xf62 ./Drivers/STM32H7xx_HAL_Driver/Src/stm32h7xx_hal_pwr_ex.o
 .debug_line    0x0000e0a7     0x1326 ./Drivers/STM32H7xx_HAL_Driver/Src/stm32h7xx_hal_rcc.o
 .debug_line    0x0000f3cd     0x1bbf ./Drivers/STM32H7xx_HAL_Driver/Src/stm32h7xx_hal_rcc_ex.o
 .debug_line    0x00010f8c     0x3f61 ./Drivers/STM32H7xx_HAL_Driver/Src/stm32h7xx_hal_tim.o
 .debug_line    0x00014eed     0x1e5b ./Drivers/STM32H7xx_HAL_Driver/Src/stm32h7xx_hal_tim_ex.o
 .debug_line    0x00016d48     0x3eb8 ./Drivers/STM32H7xx_HAL_Driver/Src/stm32h7xx_hal_uart.o
 .debug_line    0x0001ac00      0xe69 ./Drivers/STM32H7xx_HAL_Driver/Src/stm32h7xx_hal_uart_ex.o

.debug_str      0x00000000   0x14088d
 .debug_str     0x00000000   0x1394cb ./Core/Src/attitude.o
                             0x139943 (size before relaxing)
 .debug_str     0x001394cb      0x1ef ./Core/Src/control.o
                             0x139a63 (size before relaxing)
 .debug_str     0x001396ba     0x18fe ./Core/Src/main.o
                             0x13b47c (size before relaxing)
 .debug_str     0x0013afb8       0x2e ./Core/Src/math_extension.o
                               0x2e9c (size before relaxing)
 .debug_str     0x0013afe6       0x14 ./Core/Src/motor.o
                             0x1398e4 (size before relaxing)
 .debug_str     0x0013affa       0x7b ./Core/Src/quaternion.o
                             0x139318 (size before relaxing)
 .debug_str     0x0013b075       0x3b ./Core/Src/radio.o
                             0x139372 (size before relaxing)
 .debug_str     0x0013b0b0      0xad7 ./Core/Src/stm32h7xx_hal_msp.o
                             0x13afd4 (size before relaxing)
 .debug_str     0x0013bb87      0x11d ./Core/Src/stm32h7xx_it.o
                             0x139ca6 (size before relaxing)
 .debug_str     0x0013bca4      0x30e ./Core/Src/system_stm32h7xx.o
                             0x1397a7 (size before relaxing)
 .debug_str     0x0013bfb2       0x45 ./Core/Startup/startup_stm32h7a3zitxq.o
                                 0x76 (size before relaxing)
 .debug_str     0x0013bff7      0x7f7 ./Drivers/STM32H7xx_HAL_Driver/Src/stm32h7xx_hal.o
                             0x13a67b (size before relaxing)
 .debug_str     0x0013c7ee      0x35a ./Drivers/STM32H7xx_HAL_Driver/Src/stm32h7xx_hal_cortex.o
                             0x13a0c3 (size before relaxing)
 .debug_str     0x0013cb48       0xec ./Drivers/STM32H7xx_HAL_Driver/Src/stm32h7xx_hal_gpio.o
                             0x139758 (size before relaxing)
 .debug_str     0x0013cc34      0xe50 ./Drivers/STM32H7xx_HAL_Driver/Src/stm32h7xx_hal_i2c.o
                             0x13a802 (size before relaxing)
 .debug_str     0x0013da84       0xb8 ./Drivers/STM32H7xx_HAL_Driver/Src/stm32h7xx_hal_i2c_ex.o
                             0x139b9d (size before relaxing)
 .debug_str     0x0013db3c      0x756 ./Drivers/STM32H7xx_HAL_Driver/Src/stm32h7xx_hal_pwr_ex.o
                             0x139cdd (size before relaxing)
 .debug_str     0x0013e292      0x22e ./Drivers/STM32H7xx_HAL_Driver/Src/stm32h7xx_hal_rcc.o
                             0x139b80 (size before relaxing)
 .debug_str     0x0013e4c0      0x611 ./Drivers/STM32H7xx_HAL_Driver/Src/stm32h7xx_hal_rcc_ex.o
                             0x13a015 (size before relaxing)
 .debug_str     0x0013ead1      0xc5d ./Drivers/STM32H7xx_HAL_Driver/Src/stm32h7xx_hal_tim.o
                             0x13a8ed (size before relaxing)
 .debug_str     0x0013f72e      0x50c ./Drivers/STM32H7xx_HAL_Driver/Src/stm32h7xx_hal_tim_ex.o
                             0x13a29a (size before relaxing)
 .debug_str     0x0013fc3a      0x9ed ./Drivers/STM32H7xx_HAL_Driver/Src/stm32h7xx_hal_uart.o
                             0x13a6b0 (size before relaxing)
 .debug_str     0x00140627      0x266 ./Drivers/STM32H7xx_HAL_Driver/Src/stm32h7xx_hal_uart_ex.o
                             0x139c4f (size before relaxing)

.comment        0x00000000       0x43
 .comment       0x00000000       0x43 ./Core/Src/attitude.o
                                 0x44 (size before relaxing)
 .comment       0x00000043       0x44 ./Core/Src/control.o
 .comment       0x00000043       0x44 ./Core/Src/main.o
 .comment       0x00000043       0x44 ./Core/Src/math_extension.o
 .comment       0x00000043       0x44 ./Core/Src/motor.o
 .comment       0x00000043       0x44 ./Core/Src/quaternion.o
 .comment       0x00000043       0x44 ./Core/Src/radio.o
 .comment       0x00000043       0x44 ./Core/Src/stm32h7xx_hal_msp.o
 .comment       0x00000043       0x44 ./Core/Src/stm32h7xx_it.o
 .comment       0x00000043       0x44 ./Core/Src/system_stm32h7xx.o
 .comment       0x00000043       0x44 ./Drivers/STM32H7xx_HAL_Driver/Src/stm32h7xx_hal.o
 .comment       0x00000043       0x44 ./Drivers/STM32H7xx_HAL_Driver/Src/stm32h7xx_hal_cortex.o
 .comment       0x00000043       0x44 ./Drivers/STM32H7xx_HAL_Driver/Src/stm32h7xx_hal_gpio.o
 .comment       0x00000043       0x44 ./Drivers/STM32H7xx_HAL_Driver/Src/stm32h7xx_hal_i2c.o
 .comment       0x00000043       0x44 ./Drivers/STM32H7xx_HAL_Driver/Src/stm32h7xx_hal_i2c_ex.o
 .comment       0x00000043       0x44 ./Drivers/STM32H7xx_HAL_Driver/Src/stm32h7xx_hal_pwr_ex.o
 .comment       0x00000043       0x44 ./Drivers/STM32H7xx_HAL_Driver/Src/stm32h7xx_hal_rcc.o
 .comment       0x00000043       0x44 ./Drivers/STM32H7xx_HAL_Driver/Src/stm32h7xx_hal_rcc_ex.o
 .comment       0x00000043       0x44 ./Drivers/STM32H7xx_HAL_Driver/Src/stm32h7xx_hal_tim.o
 .comment       0x00000043       0x44 ./Drivers/STM32H7xx_HAL_Driver/Src/stm32h7xx_hal_tim_ex.o
 .comment       0x00000043       0x44 ./Drivers/STM32H7xx_HAL_Driver/Src/stm32h7xx_hal_uart.o
 .comment       0x00000043       0x44 ./Drivers/STM32H7xx_HAL_Driver/Src/stm32h7xx_hal_uart_ex.o

.debug_frame    0x00000000     0x5860
 .debug_frame   0x00000000       0x38 ./Core/Src/attitude.o
 .debug_frame   0x00000038       0x88 ./Core/Src/control.o
 .debug_frame   0x000000c0      0x214 ./Core/Src/main.o
 .debug_frame   0x000002d4       0x60 ./Core/Src/math_extension.o
 .debug_frame   0x00000334       0x60 ./Core/Src/motor.o
 .debug_frame   0x00000394       0xd0 ./Core/Src/quaternion.o
 .debug_frame   0x00000464       0x38 ./Core/Src/radio.o
 .debug_frame   0x0000049c      0x140 ./Core/Src/stm32h7xx_hal_msp.o
 .debug_frame   0x000005dc      0x174 ./Core/Src/stm32h7xx_it.o
 .debug_frame   0x00000750       0x58 ./Core/Src/system_stm32h7xx.o
 .debug_frame   0x000007a8      0x6a8 ./Drivers/STM32H7xx_HAL_Driver/Src/stm32h7xx_hal.o
 .debug_frame   0x00000e50      0x508 ./Drivers/STM32H7xx_HAL_Driver/Src/stm32h7xx_hal_cortex.o
 .debug_frame   0x00001358      0x14c ./Drivers/STM32H7xx_HAL_Driver/Src/stm32h7xx_hal_gpio.o
 .debug_frame   0x000014a4      0xc40 ./Drivers/STM32H7xx_HAL_Driver/Src/stm32h7xx_hal_i2c.o
 .debug_frame   0x000020e4      0x100 ./Drivers/STM32H7xx_HAL_Driver/Src/stm32h7xx_hal_i2c_ex.o
 .debug_frame   0x000021e4      0x660 ./Drivers/STM32H7xx_HAL_Driver/Src/stm32h7xx_hal_pwr_ex.o
 .debug_frame   0x00002844      0x1fc ./Drivers/STM32H7xx_HAL_Driver/Src/stm32h7xx_hal_rcc.o
 .debug_frame   0x00002a40      0x3ec ./Drivers/STM32H7xx_HAL_Driver/Src/stm32h7xx_hal_rcc_ex.o
 .debug_frame   0x00002e2c     0x121c ./Drivers/STM32H7xx_HAL_Driver/Src/stm32h7xx_hal_tim.o
 .debug_frame   0x00004048      0x724 ./Drivers/STM32H7xx_HAL_Driver/Src/stm32h7xx_hal_tim_ex.o
 .debug_frame   0x0000476c      0xa94 ./Drivers/STM32H7xx_HAL_Driver/Src/stm32h7xx_hal_uart.o
 .debug_frame   0x00005200      0x2c0 ./Drivers/STM32H7xx_HAL_Driver/Src/stm32h7xx_hal_uart_ex.o
 .debug_frame   0x000054c0      0x144 /opt/st/stm32cubeide_1.15.1/plugins/com.st.stm32cube.ide.mcu.externaltools.gnu-tools-for-stm32.12.3.rel1.linux64_1.0.100.202403111256/tools/bin/../lib/gcc/arm-none-eabi/12.3.1/../../../../arm-none-eabi/lib/thumb/v7e-m+dp/hard/libc_nano.a(libc_a-findfp.o)
 .debug_frame   0x00005604       0x20 /opt/st/stm32cubeide_1.15.1/plugins/com.st.stm32cube.ide.mcu.externaltools.gnu-tools-for-stm32.12.3.rel1.linux64_1.0.100.202403111256/tools/bin/../lib/gcc/arm-none-eabi/12.3.1/../../../../arm-none-eabi/lib/thumb/v7e-m+dp/hard/libc_nano.a(libc_a-memset.o)
 .debug_frame   0x00005624       0x20 /opt/st/stm32cubeide_1.15.1/plugins/com.st.stm32cube.ide.mcu.externaltools.gnu-tools-for-stm32.12.3.rel1.linux64_1.0.100.202403111256/tools/bin/../lib/gcc/arm-none-eabi/12.3.1/../../../../arm-none-eabi/lib/thumb/v7e-m+dp/hard/libc_nano.a(libc_a-errno.o)
 .debug_frame   0x00005644       0x2c /opt/st/stm32cubeide_1.15.1/plugins/com.st.stm32cube.ide.mcu.externaltools.gnu-tools-for-stm32.12.3.rel1.linux64_1.0.100.202403111256/tools/bin/../lib/gcc/arm-none-eabi/12.3.1/../../../../arm-none-eabi/lib/thumb/v7e-m+dp/hard/libc_nano.a(libc_a-init.o)
 .debug_frame   0x00005670       0x54 /opt/st/stm32cubeide_1.15.1/plugins/com.st.stm32cube.ide.mcu.externaltools.gnu-tools-for-stm32.12.3.rel1.linux64_1.0.100.202403111256/tools/bin/../lib/gcc/arm-none-eabi/12.3.1/../../../../arm-none-eabi/lib/thumb/v7e-m+dp/hard/libm.a(libm_a-w_asin.o)
 .debug_frame   0x000056c4       0x20 /opt/st/stm32cubeide_1.15.1/plugins/com.st.stm32cube.ide.mcu.externaltools.gnu-tools-for-stm32.12.3.rel1.linux64_1.0.100.202403111256/tools/bin/../lib/gcc/arm-none-eabi/12.3.1/../../../../arm-none-eabi/lib/thumb/v7e-m+dp/hard/libm.a(libm_a-w_atan2.o)
 .debug_frame   0x000056e4       0x20 /opt/st/stm32cubeide_1.15.1/plugins/com.st.stm32cube.ide.mcu.externaltools.gnu-tools-for-stm32.12.3.rel1.linux64_1.0.100.202403111256/tools/bin/../lib/gcc/arm-none-eabi/12.3.1/../../../../arm-none-eabi/lib/thumb/v7e-m+dp/hard/libm.a(libm_a-s_fabs.o)
 .debug_frame   0x00005704       0x20 /opt/st/stm32cubeide_1.15.1/plugins/com.st.stm32cube.ide.mcu.externaltools.gnu-tools-for-stm32.12.3.rel1.linux64_1.0.100.202403111256/tools/bin/../lib/gcc/arm-none-eabi/12.3.1/../../../../arm-none-eabi/lib/thumb/v7e-m+dp/hard/libm.a(libm_a-s_nan.o)
 .debug_frame   0x00005724       0x54 /opt/st/stm32cubeide_1.15.1/plugins/com.st.stm32cube.ide.mcu.externaltools.gnu-tools-for-stm32.12.3.rel1.linux64_1.0.100.202403111256/tools/bin/../lib/gcc/arm-none-eabi/12.3.1/../../../../arm-none-eabi/lib/thumb/v7e-m+dp/hard/libm.a(libm_a-e_asin.o)
 .debug_frame   0x00005778       0x3c /opt/st/stm32cubeide_1.15.1/plugins/com.st.stm32cube.ide.mcu.externaltools.gnu-tools-for-stm32.12.3.rel1.linux64_1.0.100.202403111256/tools/bin/../lib/gcc/arm-none-eabi/12.3.1/../../../../arm-none-eabi/lib/thumb/v7e-m+dp/hard/libm.a(libm_a-e_atan2.o)
 .debug_frame   0x000057b4       0x2c /opt/st/stm32cubeide_1.15.1/plugins/com.st.stm32cube.ide.mcu.externaltools.gnu-tools-for-stm32.12.3.rel1.linux64_1.0.100.202403111256/tools/bin/../lib/gcc/arm-none-eabi/12.3.1/../../../../arm-none-eabi/lib/thumb/v7e-m+dp/hard/libm.a(libm_a-s_atan.o)
 .debug_frame   0x000057e0       0x20 /opt/st/stm32cubeide_1.15.1/plugins/com.st.stm32cube.ide.mcu.externaltools.gnu-tools-for-stm32.12.3.rel1.linux64_1.0.100.202403111256/tools/bin/../lib/gcc/arm-none-eabi/12.3.1/../../../../arm-none-eabi/lib/thumb/v7e-m+dp/hard/libm.a(libm_a-e_sqrt.o)
 .debug_frame   0x00005800       0x2c /opt/st/stm32cubeide_1.15.1/plugins/com.st.stm32cube.ide.mcu.externaltools.gnu-tools-for-stm32.12.3.rel1.linux64_1.0.100.202403111256/tools/bin/../lib/gcc/arm-none-eabi/12.3.1/thumb/v7e-m+dp/hard/libgcc.a(_aeabi_uldivmod.o)
 .debug_frame   0x0000582c       0x34 /opt/st/stm32cubeide_1.15.1/plugins/com.st.stm32cube.ide.mcu.externaltools.gnu-tools-for-stm32.12.3.rel1.linux64_1.0.100.202403111256/tools/bin/../lib/gcc/arm-none-eabi/12.3.1/thumb/v7e-m+dp/hard/libgcc.a(_udivmoddi4.o)

.debug_line_str
                0x00000000       0x5a
 .debug_line_str
                0x00000000       0x5a ./Core/Startup/startup_stm32h7a3zitxq.o
