../Drivers/CMSIS/Include/core_cm7.h:2660:26:ITM_SendChar	16	static,ignoring_inline_asm
../Core/Src/main.c:78:5:_write	32	static
../Core/Src/main.c:92:5:main	16	static
../Core/Src/main.c:163:6:SystemClock_Config	120	static
../Core/Src/main.c:226:13:MX_TIM1_Init	120	static
../Core/Src/main.c:306:13:MX_TIM3_Init	72	static
../Core/Src/main.c:380:13:MX_TIM4_Init	72	static
../Core/Src/main.c:454:13:MX_TIM5_Init	72	static
../Core/Src/main.c:528:13:MX_TIM15_Init	72	static
../Core/Src/main.c:603:13:MX_USART3_UART_Init	8	static
../Core/Src/main.c:651:13:MX_USB_OTG_HS_USB_Init	4	static
../Core/Src/main.c:672:13:MX_GPIO_Init	64	static
../Core/Src/main.c:756:6:HAL_TIM_IC_CaptureCallback	16	static
../Core/Src/main.c:794:6:Error_Handler	4	static,ignoring_inline_asm
